Archive member included to satisfy reference by file (symbol)

../Middlewares/ST/AI/Lib/NetworkRuntime1000_CM4_GCC.a(stai_internal.o)
                              ./X-CUBE-AI/App/aiTestHelper.o (stai_runtime_get_info)
../Middlewares/ST/AI/Lib/NetworkRuntime1000_CM4_GCC.a(ai_datatypes_internal.o)
                              ./X-CUBE-AI/App/aiValidation.o (get_tensor_size)
../Middlewares/ST/AI/Lib/NetworkRuntime1000_CM4_GCC.a(ai_platform.o)
                              ./X-CUBE-AI/App/aiTestHelper.o (ai_buffer_get_size)
../Middlewares/ST/AI/Lib/NetworkRuntime1000_CM4_GCC.a(ai_platform_interface.o)
                              ./X-CUBE-AI/App/cidar_model.o (ai_platform_get_weights_map)
../Middlewares/ST/AI/Lib/NetworkRuntime1000_CM4_GCC.a(core_common.o)
                              ../Middlewares/ST/AI/Lib/NetworkRuntime1000_CM4_GCC.a(ai_platform_interface.o) (core_init)
../Middlewares/ST/AI/Lib/NetworkRuntime1000_CM4_GCC.a(core_mem_manager.o)
                              ../Middlewares/ST/AI/Lib/NetworkRuntime1000_CM4_GCC.a(ai_platform_interface.o) (core_mem_alloc)
../Middlewares/ST/AI/Lib/NetworkRuntime1000_CM4_GCC.a(layers.o)
                              ../Middlewares/ST/AI/Lib/NetworkRuntime1000_CM4_GCC.a(ai_platform_interface.o) (ai_check_custom_types)
../Middlewares/ST/AI/Lib/NetworkRuntime1000_CM4_GCC.a(layers_conv2d_rgb_sssa8_ch.o)
                              ./X-CUBE-AI/App/cidar_model.o (forward_conv2d_rgb_sssa8_ch)
../Middlewares/ST/AI/Lib/NetworkRuntime1000_CM4_GCC.a(layers_conv2d_sssa8_ch.o)
                              ./X-CUBE-AI/App/cidar_model.o (forward_conv2d_deep_3x3_sssa8_ch)
../Middlewares/ST/AI/Lib/NetworkRuntime1000_CM4_GCC.a(layers_conv2d_stm32_integer.o)
                              ./X-CUBE-AI/App/cidar_model.o (forward_dense_integer_SSSA)
../Middlewares/ST/AI/Lib/NetworkRuntime1000_CM4_GCC.a(layers_nl_stm32_integer.o)
                              ./X-CUBE-AI/App/cidar_model.o (forward_sm_integer)
../Middlewares/ST/AI/Lib/NetworkRuntime1000_CM4_GCC.a(layers_pool_stm32_integer.o)
                              ./X-CUBE-AI/App/cidar_model.o (forward_mp_integer_INT8)
../Middlewares/ST/AI/Lib/NetworkRuntime1000_CM4_GCC.a(layers_stm32_integer.o)
                              ./X-CUBE-AI/App/cidar_model.o (forward_eltwise_integer_INT8)
../Middlewares/ST/AI/Lib/NetworkRuntime1000_CM4_GCC.a(layers_conv2d_integer_scratch.o)
                              ../Middlewares/ST/AI/Lib/NetworkRuntime1000_CM4_GCC.a(layers.o) (get_conv2d_scratch_size)
../Middlewares/ST/AI/Lib/NetworkRuntime1000_CM4_GCC.a(forward_lite_dense_is8os8ws8.o)
                              ../Middlewares/ST/AI/Lib/NetworkRuntime1000_CM4_GCC.a(layers_conv2d_stm32_integer.o) (forward_lite_dense_is8os8ws8)
../Middlewares/ST/AI/Lib/NetworkRuntime1000_CM4_GCC.a(forward_lite_maxpool_is8os8_scalepos.o)
                              ../Middlewares/ST/AI/Lib/NetworkRuntime1000_CM4_GCC.a(layers_pool_stm32_integer.o) (forward_lite_maxpool_is8os8_scalepos)
../Middlewares/ST/AI/Lib/NetworkRuntime1000_CM4_GCC.a(forward_lite_avepool_is8os8.o)
                              ../Middlewares/ST/AI/Lib/NetworkRuntime1000_CM4_GCC.a(layers_pool_stm32_integer.o) (forward_lite_avepool_is8os8)
../Middlewares/ST/AI/Lib/NetworkRuntime1000_CM4_GCC.a(forward_lite_conv2d_sssa8_ch.o)
                              ../Middlewares/ST/AI/Lib/NetworkRuntime1000_CM4_GCC.a(layers_conv2d_sssa8_ch.o) (forward_lite_conv2d_dilated_sssa8_ch)
../Middlewares/ST/AI/Lib/NetworkRuntime1000_CM4_GCC.a(forward_lite_maxpool_is16os16.o)
                              ../Middlewares/ST/AI/Lib/NetworkRuntime1000_CM4_GCC.a(layers_pool_stm32_integer.o) (forward_lite_maxpool_is16os16_scalepos)
../Middlewares/ST/AI/Lib/NetworkRuntime1000_CM4_GCC.a(forward_lite_maxpool_is8os8.o)
                              ../Middlewares/ST/AI/Lib/NetworkRuntime1000_CM4_GCC.a(layers_pool_stm32_integer.o) (forward_lite_maxpool_is8os8_scaleneg)
../Middlewares/ST/AI/Lib/NetworkRuntime1000_CM4_GCC.a(forward_lite_maxpool_iu16ou16.o)
                              ../Middlewares/ST/AI/Lib/NetworkRuntime1000_CM4_GCC.a(layers_pool_stm32_integer.o) (forward_lite_maxpool_iu16ou16_scalepos)
../Middlewares/ST/AI/Lib/NetworkRuntime1000_CM4_GCC.a(forward_lite_maxpool_iu8ou8.o)
                              ../Middlewares/ST/AI/Lib/NetworkRuntime1000_CM4_GCC.a(layers_pool_stm32_integer.o) (forward_lite_maxpool_iu8ou8_scalepos)
../Middlewares/ST/AI/Lib/NetworkRuntime1000_CM4_GCC.a(lite_nl_generic_integer.o)
                              ../Middlewares/ST/AI/Lib/NetworkRuntime1000_CM4_GCC.a(layers_nl_stm32_integer.o) (forward_lite_nl_softmax_is8os8)
../Middlewares/ST/AI/Lib/NetworkRuntime1000_CM4_GCC.a(st_align_factor.o)
                              ../Middlewares/ST/AI/Lib/NetworkRuntime1000_CM4_GCC.a(layers_conv2d_stm32_integer.o) (align_factor)
../Middlewares/ST/AI/Lib/NetworkRuntime1000_CM4_GCC.a(st_int8_to16_no_shift.o)
[...]
Memory Configuration

Name             Origin             Length             Attributes
RAM              0x20000000         0x00018000         xrw
RAM2             0x10000000         0x00008000         xrw
FLASH            0x08000000         0x00100000         xr
*default*        0x00000000         0xffffffff

Linker script and memory map

LOAD /Applications/STM32CubeIDE.app/Contents/Eclipse/plugins/com.st.stm32cube.ide.mcu.externaltools.gnu-tools-for-stm32.13.3.rel1.macos64_1.0.0.202411102158/tools/bin/../lib/gcc/arm-none-eabi/13.3.1/thumb/v7e-m+fp/hard/crti.o
LOAD /Applications/STM32CubeIDE.app/Contents/Eclipse/plugins/com.st.stm32cube.ide.mcu.externaltools.gnu-tools-for-stm32.13.3.rel1.macos64_1.0.0.202411102158/tools/bin/../lib/gcc/arm-none-eabi/13.3.1/thumb/v7e-m+fp/hard/crtbegin.o
LOAD /Applications/STM32CubeIDE.app/Contents/Eclipse/plugins/com.st.stm32cube.ide.mcu.externaltools.gnu-tools-for-stm32.13.3.rel1.macos64_1.0.0.202411102158/tools/bin/../lib/gcc/arm-none-eabi/13.3.1/../../../../arm-none-eabi/lib/thumb/v7e-m+fp/hard/crt0.o
LOAD ./Core/Src/main.o
LOAD ./Core/Src/stm32l4xx_hal_msp.o
LOAD ./Core/Src/stm32l4xx_it.o
LOAD ./Core/Src/sysmem.o
LOAD ./Core/Src/system_stm32l4xx.o
LOAD ./Core/Startup/startup_stm32l475vgtx.o
LOAD ./Drivers/STM32L4xx_HAL_Driver/Src/stm32l4xx_hal.o
LOAD ./Drivers/STM32L4xx_HAL_Driver/Src/stm32l4xx_hal_cortex.o
LOAD ./Drivers/STM32L4xx_HAL_Driver/Src/stm32l4xx_hal_dma.o
LOAD ./Drivers/STM32L4xx_HAL_Driver/Src/stm32l4xx_hal_dma_ex.o
LOAD ./Drivers/STM32L4xx_HAL_Driver/Src/stm32l4xx_hal_exti.o
LOAD ./Drivers/STM32L4xx_HAL_Driver/Src/stm32l4xx_hal_flash.o
LOAD ./Drivers/STM32L4xx_HAL_Driver/Src/stm32l4xx_hal_flash_ex.o
LOAD ./Drivers/STM32L4xx_HAL_Driver/Src/stm32l4xx_hal_flash_ramfunc.o
LOAD ./Drivers/STM32L4xx_HAL_Driver/Src/stm32l4xx_hal_gpio.o
LOAD ./Drivers/STM32L4xx_HAL_Driver/Src/stm32l4xx_hal_i2c.o
LOAD ./Drivers/STM32L4xx_HAL_Driver/Src/stm32l4xx_hal_i2c_ex.o
LOAD ./Drivers/STM32L4xx_HAL_Driver/Src/stm32l4xx_hal_pwr.o
LOAD ./Drivers/STM32L4xx_HAL_Driver/Src/stm32l4xx_hal_pwr_ex.o
LOAD ./Drivers/STM32L4xx_HAL_Driver/Src/stm32l4xx_hal_rcc.o
LOAD ./Drivers/STM32L4xx_HAL_Driver/Src/stm32l4xx_hal_rcc_ex.o
LOAD ./Drivers/STM32L4xx_HAL_Driver/Src/stm32l4xx_hal_uart.o
LOAD ./Drivers/STM32L4xx_HAL_Driver/Src/stm32l4xx_hal_uart_ex.o
LOAD ./X-CUBE-AI/App/aiPbIO.o
LOAD ./X-CUBE-AI/App/aiPbMemRWServices.o
LOAD ./X-CUBE-AI/App/aiPbMgr.o
LOAD ./X-CUBE-AI/App/aiTestHelper.o
LOAD ./X-CUBE-AI/App/aiTestUtility.o
LOAD ./X-CUBE-AI/App/aiValidation.o
LOAD ./X-CUBE-AI/App/ai_device_adaptor.o
LOAD ./X-CUBE-AI/App/app_x-cube-ai.o
LOAD ./X-CUBE-AI/App/cidar_model.o
LOAD ./X-CUBE-AI/App/cidar_model_data.o
LOAD ./X-CUBE-AI/App/cidar_model_data_params.o
LOAD ./X-CUBE-AI/App/cifar_model.o
LOAD ./X-CUBE-AI/App/cifar_model_data.o
LOAD ./X-CUBE-AI/App/cifar_model_data_params.o
LOAD ./X-CUBE-AI/App/lc_print.o
LOAD ./X-CUBE-AI/App/pb_common.o
LOAD ./X-CUBE-AI/App/pb_decode.o
LOAD ./X-CUBE-AI/App/pb_encode.o
LOAD ./X-CUBE-AI/App/stm32msg.pb.o
LOAD ./X-CUBE-AI/App/syscalls.o
LOAD ../Middlewares/ST/AI/Lib/NetworkRuntime1000_CM4_GCC.a
START GROUP
LOAD /Applications/STM32CubeIDE.app/Contents/Eclipse/plugins/com.st.stm32cube.ide.mcu.externaltools.gnu-tools-for-stm32.13.3.rel1.macos64_1.0.0.202411102158/tools/bin/../lib/gcc/arm-none-eabi/13.3.1/../../../../arm-none-eabi/lib/thumb/v7e-m+fp/hard/libc_nano.a
LOAD /Applications/STM32CubeIDE.app/Contents/Eclipse/plugins/com.st.stm32cube.ide.mcu.externaltools.gnu-tools-for-stm32.13.3.rel1.macos64_1.0.0.202411102158/tools/bin/../lib/gcc/arm-none-eabi/13.3.1/../../../../arm-none-eabi/lib/thumb/v7e-m+fp/hard/libm.a
END GROUP
START GROUP
LOAD /Applications/STM32CubeIDE.app/Contents/Eclipse/plugins/com.st.stm32cube.ide.mcu.externaltools.gnu-tools-for-stm32.13.3.rel1.macos64_1.0.0.202411102158/tools/bin/../lib/gcc/arm-none-eabi/13.3.1/thumb/v7e-m+fp/hard/libgcc.a
LOAD /Applications/STM32CubeIDE.app/Contents/Eclipse/plugins/com.st.stm32cube.ide.mcu.externaltools.gnu-tools-for-stm32.13.3.rel1.macos64_1.0.0.202411102158/tools/bin/../lib/gcc/arm-none-eabi/13.3.1/../../../../arm-none-eabi/lib/thumb/v7e-m+fp/hard/libc_nano.a
END GROUP
START GROUP
LOAD /Applications/STM32CubeIDE.app/Contents/Eclipse/plugins/com.st.stm32cube.ide.mcu.externaltools.gnu-tools-for-stm32.13.3.rel1.macos64_1.0.0.202411102158/tools/bin/../lib/gcc/arm-none-eabi/13.3.1/thumb/v7e-m+fp/hard/libgcc.a
LOAD /Applications/STM32CubeIDE.app/Contents/Eclipse/plugins/com.st.stm32cube.ide.mcu.externaltools.gnu-tools-for-stm32.13.3.rel1.macos64_1.0.0.202411102158/tools/bin/../lib/gcc/arm-none-eabi/13.3.1/../../../../arm-none-eabi/lib/thumb/v7e-m+fp/hard/libc_nano.a
LOAD /Applications/STM32CubeIDE.app/Contents/Eclipse/plugins/com.st.stm32cube.ide.mcu.externaltools.gnu-tools-for-stm32.13.3.rel1.macos64_1.0.0.202411102158/tools/bin/../lib/gcc/arm-none-eabi/13.3.1/../../../../arm-none-eabi/lib/thumb/v7e-m+fp/hard/libnosys.a
END GROUP
START GROUP
LOAD /Applications/STM32CubeIDE.app/Contents/Eclipse/plugins/com.st.stm32cube.ide.mcu.externaltools.gnu-tools-for-stm32.13.3.rel1.macos64_1.0.0.202411102158/tools/bin/../lib/gcc/arm-none-eabi/13.3.1/thumb/v7e-m+fp/hard/libgcc.a
LOAD /Applications/STM32CubeIDE.app/Contents/Eclipse/plugins/com.st.stm32cube.ide.mcu.externaltools.gnu-tools-for-stm32.13.3.rel1.macos64_1.0.0.202411102158/tools/bin/../lib/gcc/arm-none-eabi/13.3.1/../../../../arm-none-eabi/lib/thumb/v7e-m+fp/hard/libc_nano.a
LOAD /Applications/STM32CubeIDE.app/Contents/Eclipse/plugins/com.st.stm32cube.ide.mcu.externaltools.gnu-tools-for-stm32.13.3.rel1.macos64_1.0.0.202411102158/tools/bin/../lib/gcc/arm-none-eabi/13.3.1/../../../../arm-none-eabi/lib/thumb/v7e-m+fp/hard/libnosys.a
END GROUP
LOAD /Applications/STM32CubeIDE.app/Contents/Eclipse/plugins/com.st.stm32cube.ide.mcu.externaltools.gnu-tools-for-stm32.13.3.rel1.macos64_1.0.0.202411102158/tools/bin/../lib/gcc/arm-none-eabi/13.3.1/thumb/v7e-m+fp/hard/crtend.o
LOAD /Applications/STM32CubeIDE.app/Contents/Eclipse/plugins/com.st.stm32cube.ide.mcu.externaltools.gnu-tools-for-stm32.13.3.rel1.macos64_1.0.0.202411102158/tools/bin/../lib/gcc/arm-none-eabi/13.3.1/thumb/v7e-m+fp/hard/crtn.o
                0x20018000                        _estack = (ORIGIN (RAM) + LENGTH (RAM))
                0x00002000                        _Min_Heap_Size = 0x2000
                0x00004000                        _Min_Stack_Size = 0x4000

.isr_vector     0x08000000      0x188
                0x08000000                        . = ALIGN (0x4)
 *(.isr_vector)
 .isr_vector    0x08000000      0x188 ./Core/Startup/startup_stm32l475vgtx.o
                0x08000000                g_pfnVectors
                0x08000188                        . = ALIGN (0x4)

.text           0x08010000    0x15dd0
                0x08010000                        . = ALIGN (0x4)
 *(.text)
 .text          0x08010000       0x40 /Applications/STM32CubeIDE.app/Contents/Eclipse/plugins/com.st.stm32cube.ide.mcu.externaltools.gnu-tools-for-stm32.13.3.rel1.macos64_1.0.0.202411102158/tools/bin/../lib/gcc/arm-none-eabi/13.3.1/thumb/v7e-m+fp/hard/crtbegin.o
 .text          0x08010040       0xa0 /Applications/STM32CubeIDE.app/Contents/Eclipse/plugins/com.st.stm32cube.ide.mcu.externaltools.gnu-tools-for-stm32.13.3.rel1.macos64_1.0.0.202411102158/tools/bin/../lib/gcc/arm-none-eabi/13.3.1/../../../../arm-none-eabi/lib/thumb/v7e-m+fp/hard/libc_nano.a(libc_a-memchr.o)
                0x08010040                memchr
 .text          0x080100e0       0x10 /Applications/STM32CubeIDE.app/Contents/Eclipse/plugins/com.st.stm32cube.ide.mcu.externaltools.gnu-tools-for-stm32.13.3.rel1.macos64_1.0.0.202411102158/tools/bin/../lib/gcc/arm-none-eabi/13.3.1/../../../../arm-none-eabi/lib/thumb/v7e-m+fp/hard/libc_nano.a(libc_a-strlen.o)
                0x080100e0                strlen
 .text          0x080100f0      0x378 /Applications/STM32CubeIDE.app/Contents/Eclipse/plugins/com.st.stm32cube.ide.mcu.externaltools.gnu-tools-for-stm32.13.3.rel1.macos64_1.0.0.202411102158/tools/bin/../lib/gcc/arm-none-eabi/13.3.1/thumb/v7e-m+fp/hard/libgcc.a(_arm_addsubdf3.o)
                0x080100f0                __aeabi_drsub
                0x080100f8                __subdf3
                0x080100f8                __aeabi_dsub
                0x080100fc                __aeabi_dadd
                0x080100fc                __adddf3
                0x08010374                __aeabi_ui2d
                0x08010374                __floatunsidf
                0x08010394                __floatsidf
                0x08010394                __aeabi_i2d
                0x080103b8                __extendsfdf2
                0x080103b8                __aeabi_f2d
                0x080103fc                __aeabi_ul2d
                0x080103fc                __floatundidf
                0x0801040c                __aeabi_l2d
                0x0801040c                __floatdidf
 .text          0x08010468      0x424 /Applications/STM32CubeIDE.app/Contents/Eclipse/plugins/com.st.stm32cube.ide.mcu.externaltools.gnu-tools-for-stm32.13.3.rel1.macos64_1.0.0.202411102158/tools/bin/../lib/gcc/arm-none-eabi/13.3.1/thumb/v7e-m+fp/hard/libgcc.a(_arm_muldivdf3.o)
                0x08010468                __aeabi_dmul
                0x08010468                __muldf3
                0x080106bc                __aeabi_ddiv
                0x080106bc                __divdf3
 .text          0x0801088c      0x110 /Applications/STM32CubeIDE.app/Contents/Eclipse/plugins/com.st.stm32cube.ide.mcu.externaltools.gnu-tools-for-stm32.13.3.rel1.macos64_1.0.0.202411102158/tools/bin/../lib/gcc/arm-none-eabi/13.3.1/thumb/v7e-m+fp/hard/libgcc.a(_arm_cmpdf2.o)
                0x0801088c                __gedf2
                0x0801088c                __gtdf2
                0x08010894                __ledf2
                0x08010894                __ltdf2
                0x0801089c                __cmpdf2
                0x0801089c                __eqdf2
                0x0801089c                __nedf2
                0x08010918                __aeabi_cdrcmple
                0x08010928                __aeabi_cdcmple
                0x08010928                __aeabi_cdcmpeq
                0x08010938                __aeabi_dcmpeq
                0x0801094c                __aeabi_dcmplt
                0x08010960                __aeabi_dcmple
                0x08010974                __aeabi_dcmpge
                0x08010988                __aeabi_dcmpgt
 .text          0x0801099c       0x2c /Applications/STM32CubeIDE.app/Contents/Eclipse/plugins/com.st.stm32cube.ide.mcu.externaltools.gnu-tools-for-stm32.13.3.rel1.macos64_1.0.0.202411102158/tools/bin/../lib/gcc/arm-none-eabi/13.3.1/thumb/v7e-m+fp/hard/libgcc.a(_arm_unorddf2.o)
                0x0801099c                __aeabi_dcmpun
                0x0801099c                __unorddf2
 .text          0x080109c8       0x50 /Applications/STM32CubeIDE.app/Contents/Eclipse/plugins/com.st.stm32cube.ide.mcu.externaltools.gnu-tools-for-stm32.13.3.rel1.macos64_1.0.0.202411102158/tools/bin/../lib/gcc/arm-none-eabi/13.3.1/thumb/v7e-m+fp/hard/libgcc.a(_arm_fixdfsi.o)
                0x080109c8                __fixdfsi
                0x080109c8                __aeabi_d2iz
 .text          0x08010a18       0x30 /Applications/STM32CubeIDE.app/Contents/Eclipse/plugins/com.st.stm32cube.ide.mcu.externaltools.gnu-tools-for-stm32.13.3.rel1.macos64_1.0.0.202411102158/tools/bin/../lib/gcc/arm-none-eabi/13.3.1/thumb/v7e-m+fp/hard/libgcc.a(_aeabi_uldivmod.o)
                0x08010a18                __aeabi_uldivmod
 .text          0x08010a48       0x28 /Applications/STM32CubeIDE.app/Contents/Eclipse/plugins/com.st.stm32cube.ide.mcu.externaltools.gnu-tools-for-stm32.13.3.rel1.macos64_1.0.0.202411102158/tools/bin/../lib/gcc/arm-none-eabi/13.3.1/thumb/v7e-m+fp/hard/libgcc.a(_fixsfdi.o)
                0x08010a48                __aeabi_f2lz
                0x08010a48                __fixsfdi
 .text          0x08010a70       0x40 /Applications/STM32CubeIDE.app/Contents/Eclipse/plugins/com.st.stm32cube.ide.mcu.externaltools.gnu-tools-for-stm32.13.3.rel1.macos64_1.0.0.202411102158/tools/bin/../lib/gcc/arm-none-eabi/13.3.1/thumb/v7e-m+fp/hard/libgcc.a(_fixunssfdi.o)
                0x08010a70                __aeabi_f2ulz
                0x08010a70                __fixunssfdi
 .text          0x08010ab0      0x2f8 /Applications/STM32CubeIDE.app/Contents/Eclipse/plugins/com.st.stm32cube.ide.mcu.externaltools.gnu-tools-for-stm32.13.3.rel1.macos64_1.0.0.202411102158/tools/bin/../lib/gcc/arm-none-eabi/13.3.1/thumb/v7e-m+fp/hard/libgcc.a(_udivmoddi4.o)
                0x08010ab0                __udivmoddi4
 .text          0x08010da8        0x4 /Applications/STM32CubeIDE.app/Contents/Eclipse/plugins/com.st.stm32cube.ide.mcu.externaltools.gnu-tools-for-stm32.13.3.rel1.macos64_1.0.0.202411102158/tools/bin/../lib/gcc/arm-none-eabi/13.3.1/thumb/v7e-m+fp/hard/libgcc.a(_dvmd_tls.o)
                0x08010da8                __aeabi_ldiv0
                0x08010da8                __aeabi_idiv0
 .text          0x08010dac       0x40 /Applications/STM32CubeIDE.app/Contents/Eclipse/plugins/com.st.stm32cube.ide.mcu.externaltools.gnu-tools-for-stm32.13.3.rel1.macos64_1.0.0.202411102158/tools/bin/../lib/gcc/arm-none-eabi/13.3.1/thumb/v7e-m+fp/hard/libgcc.a(_arm_fixunsdfsi.o)
                0x08010dac                __fixunsdfsi
                0x08010dac                __aeabi_d2uiz
 *(.text*)
 .text.DWT_Init
                0x08010dec       0x28 ./Core/Src/main.o
                0x08010dec                DWT_Init
 .text.SystemClock_Config
                0x08010e14       0x76 ./Core/Src/main.o
                0x08010e14                SystemClock_Config
 *fill*         0x08010e8a        0x2 
 .text.startup.main
                0x08010e8c      0x104 ./Core/Src/main.o
                0x08010e8c                main
 .text.MX_USART1_UART_Init
                0x08010f90       0x38 ./Core/Src/main.o
                0x08010f90                MX_USART1_UART_Init
 .text.Error_Handler
                0x08010fc8        0x4 ./Core/Src/main.o
                0x08010fc8                Error_Handler
 .text.HAL_MspInit
                0x08010fcc       0x30 ./Core/Src/stm32l4xx_hal_msp.o
                0x08010fcc                HAL_MspInit
 .text.HAL_UART_MspInit
                0x08010ffc       0x9c ./Core/Src/stm32l4xx_hal_msp.o
                0x08010ffc                HAL_UART_MspInit
 .text.NMI_Handler
                0x08011098        0x2 ./Core/Src/stm32l4xx_it.o
                0x08011098                NMI_Handler
 .text.HardFault_Handler
                0x0801109a        0x2 ./Core/Src/stm32l4xx_it.o
                0x0801109a                HardFault_Handler
 .text.MemManage_Handler
                0x0801109c        0x2 ./Core/Src/stm32l4xx_it.o
                0x0801109c                MemManage_Handler
 .text.BusFault_Handler
                0x0801109e        0x2 ./Core/Src/stm32l4xx_it.o
                0x0801109e                BusFault_Handler
 .text.UsageFault_Handler
                0x080110a0        0x2 ./Core/Src/stm32l4xx_it.o
                0x080110a0                UsageFault_Handler
 .text.SVC_Handler
                0x080110a2        0x2 ./Core/Src/stm32l4xx_it.o
                0x080110a2                SVC_Handler
 .text.DebugMon_Handler
                0x080110a4        0x2 ./Core/Src/stm32l4xx_it.o
                0x080110a4                DebugMon_Handler
 .text.PendSV_Handler
                0x080110a6        0x2 ./Core/Src/stm32l4xx_it.o
                0x080110a6                PendSV_Handler
 .text.SysTick_Handler
                0x080110a8        0x4 ./Core/Src/stm32l4xx_it.o
                0x080110a8                SysTick_Handler
 .text._sbrk    0x080110ac       0x40 ./Core/Src/sysmem.o
                0x080110ac                _sbrk
 .text.SystemInit
                0x080110ec       0x14 ./Core/Src/system_stm32l4xx.o
                0x080110ec                SystemInit
 .text.Reset_Handler
                0x08011100       0x50 ./Core/Startup/startup_stm32l475vgtx.o
                0x08011100                Reset_Handler
 .text.Default_Handler
                0x08011150        0x2 ./Core/Startup/startup_stm32l475vgtx.o
                0x08011150                TIM1_BRK_TIM15_IRQHandler
                0x08011150                EXTI2_IRQHandler
                0x08011150                TIM8_TRG_COM_IRQHandler
                0x08011150                TIM8_CC_IRQHandler
                0x08011150                TIM1_CC_IRQHandler
                0x08011150                TSC_IRQHandler
                0x08011150                TAMP_STAMP_IRQHandler
                0x08011150                EXTI3_IRQHandler
                0x08011150                LPTIM2_IRQHandler
                0x08011150                DFSDM1_FLT1_IRQHandler
                0x08011150                I2C3_ER_IRQHandler
                0x08011150                DFSDM1_FLT2_IRQHandler
                0x08011150                EXTI0_IRQHandler
                0x08011150                I2C2_EV_IRQHandler
                0x08011150                CAN1_RX0_IRQHandler
                0x08011150                FPU_IRQHandler
                0x08011150                TIM1_UP_TIM16_IRQHandler
                0x08011150                ADC1_2_IRQHandler
                0x08011150                SPI1_IRQHandler
                0x08011150                TIM6_DAC_IRQHandler
                0x08011150                TIM8_UP_IRQHandler
                0x08011150                DMA2_Channel2_IRQHandler
                0x08011150                DMA1_Channel4_IRQHandler
                0x08011150                SAI2_IRQHandler
                0x08011150                DFSDM1_FLT3_IRQHandler
                0x08011150                USART3_IRQHandler
                0x08011150                DMA1_Channel7_IRQHandler
                0x08011150                CAN1_RX1_IRQHandler
                0x08011150                UART5_IRQHandler
                0x08011150                ADC3_IRQHandler
                0x08011150                TIM4_IRQHandler
                0x08011150                DMA2_Channel1_IRQHandler
                0x08011150                QUADSPI_IRQHandler
                0x08011150                I2C1_EV_IRQHandler
                0x08011150                DMA1_Channel6_IRQHandler
                0x08011150                UART4_IRQHandler
                0x08011150                DMA2_Channel4_IRQHandler
                0x08011150                TIM3_IRQHandler
                0x08011150                RCC_IRQHandler
                0x08011150                DMA1_Channel1_IRQHandler
                0x08011150                Default_Handler
                0x08011150                DMA2_Channel7_IRQHandler
                0x08011150                EXTI15_10_IRQHandler
                0x08011150                TIM7_IRQHandler
                0x08011150                SDMMC1_IRQHandler
                0x08011150                TIM5_IRQHandler
                0x08011150                I2C3_EV_IRQHandler
                0x08011150                EXTI9_5_IRQHandler
                0x08011150                RTC_WKUP_IRQHandler
                0x08011150                PVD_PVM_IRQHandler
                0x08011150                SPI2_IRQHandler
                0x08011150                CAN1_TX_IRQHandler
                0x08011150                DMA2_Channel5_IRQHandler
                0x08011150                DMA1_Channel5_IRQHandler
                0x08011150                EXTI4_IRQHandler
                0x08011150                RNG_IRQHandler
                0x08011150                TIM1_TRG_COM_TIM17_IRQHandler
                0x08011150                DMA1_Channel3_IRQHandler
                0x08011150                COMP_IRQHandler
                0x08011150                WWDG_IRQHandler
                0x08011150                LPUART1_IRQHandler
                0x08011150                DMA2_Channel6_IRQHandler
                0x08011150                TIM2_IRQHandler
                0x08011150                EXTI1_IRQHandler
                0x08011150                USART2_IRQHandler
                0x08011150                DFSDM1_FLT0_IRQHandler
                0x08011150                I2C2_ER_IRQHandler
                0x08011150                DMA1_Channel2_IRQHandler
                0x08011150                TIM8_BRK_IRQHandler
                0x08011150                CAN1_SCE_IRQHandler
                0x08011150                FLASH_IRQHandler
                0x08011150                USART1_IRQHandler
                0x08011150                OTG_FS_IRQHandler
                0x08011150                SPI3_IRQHandler
                0x08011150                I2C1_ER_IRQHandler
                0x08011150                FMC_IRQHandler
                0x08011150                SWPMI1_IRQHandler
                0x08011150                LPTIM1_IRQHandler
                0x08011150                SAI1_IRQHandler
                0x08011150                DMA2_Channel3_IRQHandler
                0x08011150                RTC_Alarm_IRQHandler
 *fill*         0x08011152        0x2 
 .text.HAL_InitTick
                0x08011154       0x4c ./Drivers/STM32L4xx_HAL_Driver/Src/stm32l4xx_hal.o
                0x08011154                HAL_InitTick
 .text.HAL_Init
                0x080111a0       0x1e ./Drivers/STM32L4xx_HAL_Driver/Src/stm32l4xx_hal.o
                0x080111a0                HAL_Init
 *fill*         0x080111be        0x2 
 .text.HAL_IncTick
                0x080111c0       0x18 ./Drivers/STM32L4xx_HAL_Driver/Src/stm32l4xx_hal.o
                0x080111c0                HAL_IncTick
 .text.HAL_GetTick
                0x080111d8        0xc ./Drivers/STM32L4xx_HAL_Driver/Src/stm32l4xx_hal.o
                0x080111d8                HAL_GetTick
 .text.HAL_Delay
                0x080111e4       0x28 ./Drivers/STM32L4xx_HAL_Driver/Src/stm32l4xx_hal.o
                0x080111e4                HAL_Delay
 .text.HAL_GetHalVersion
                0x0801120c        0x8 ./Drivers/STM32L4xx_HAL_Driver/Src/stm32l4xx_hal.o
                0x0801120c                HAL_GetHalVersion
 .text.HAL_GetREVID
                0x08011214        0xc ./Drivers/STM32L4xx_HAL_Driver/Src/stm32l4xx_hal.o
                0x08011214                HAL_GetREVID
 .text.HAL_GetDEVID
                0x08011220       0x10 ./Drivers/STM32L4xx_HAL_Driver/Src/stm32l4xx_hal.o
                0x08011220                HAL_GetDEVID
 .text.HAL_NVIC_SetPriorityGrouping
                0x08011230       0x24 ./Drivers/STM32L4xx_HAL_Driver/Src/stm32l4xx_hal_cortex.o
                0x08011230                HAL_NVIC_SetPriorityGrouping
 .text.HAL_NVIC_SetPriority
                0x08011254       0x64 ./Drivers/STM32L4xx_HAL_Driver/Src/stm32l4xx_hal_cortex.o
                0x08011254                HAL_NVIC_SetPriority
 .text.HAL_SYSTICK_Config
                0x080112b8       0x28 ./Drivers/STM32L4xx_HAL_Driver/Src/stm32l4xx_hal_cortex.o
                0x080112b8                HAL_SYSTICK_Config
 .text.HAL_GPIO_Init
                0x080112e0      0x1b4 ./Drivers/STM32L4xx_HAL_Driver/Src/stm32l4xx_hal_gpio.o
                0x080112e0                HAL_GPIO_Init
 .text.HAL_PWREx_GetVoltageRange
                0x08011494       0x10 ./Drivers/STM32L4xx_HAL_Driver/Src/stm32l4xx_hal_pwr_ex.o
                0x08011494                HAL_PWREx_GetVoltageRange
 .text.HAL_PWREx_ControlVoltageScaling
                0x080114a4       0x6c ./Drivers/STM32L4xx_HAL_Driver/Src/stm32l4xx_hal_pwr_ex.o
                0x080114a4                HAL_PWREx_ControlVoltageScaling
 .text.RCC_SetFlashLatencyFromMSIRange
                0x08011510       0x84 ./Drivers/STM32L4xx_HAL_Driver/Src/stm32l4xx_hal_rcc.o
 .text.HAL_RCC_GetSysClockFreq
                0x08011594       0x94 ./Drivers/STM32L4xx_HAL_Driver/Src/stm32l4xx_hal_rcc.o
                0x08011594                HAL_RCC_GetSysClockFreq
 .text.HAL_RCC_OscConfig
                0x08011628      0x4fc ./Drivers/STM32L4xx_HAL_Driver/Src/stm32l4xx_hal_rcc.o
                0x08011628                HAL_RCC_OscConfig
 .text.HAL_RCC_ClockConfig
                0x08011b24      0x154 ./Drivers/STM32L4xx_HAL_Driver/Src/stm32l4xx_hal_rcc.o
                0x08011b24                HAL_RCC_ClockConfig
 .text.HAL_RCC_GetHCLKFreq
                0x08011c78        0xc ./Drivers/STM32L4xx_HAL_Driver/Src/stm32l4xx_hal_rcc.o
                0x08011c78                HAL_RCC_GetHCLKFreq
 .text.HAL_RCC_GetPCLK1Freq
                0x08011c84       0x24 ./Drivers/STM32L4xx_HAL_Driver/Src/stm32l4xx_hal_rcc.o
                0x08011c84                HAL_RCC_GetPCLK1Freq
 .text.HAL_RCC_GetPCLK2Freq
                0x08011ca8       0x24 ./Drivers/STM32L4xx_HAL_Driver/Src/stm32l4xx_hal_rcc.o
                0x08011ca8                HAL_RCC_GetPCLK2Freq
 .text.RCCEx_PLLSAI1_Config
                0x08011ccc      0x10c ./Drivers/STM32L4xx_HAL_Driver/Src/stm32l4xx_hal_rcc_ex.o
 .text.RCCEx_PLLSAI2_Config
                0x08011dd8       0xf4 ./Drivers/STM32L4xx_HAL_Driver/Src/stm32l4xx_hal_rcc_ex.o
 .text.HAL_RCCEx_PeriphCLKConfig
                0x08011ecc      0x3f4 ./Drivers/STM32L4xx_HAL_Driver/Src/stm32l4xx_hal_rcc_ex.o
                0x08011ecc                HAL_RCCEx_PeriphCLKConfig
 .text.UART_EndRxTransfer
                0x080122c0       0x50 ./Drivers/STM32L4xx_HAL_Driver/Src/stm32l4xx_hal_uart.o
 .text.UART_SetConfig
                0x08012310      0x210 ./Drivers/STM32L4xx_HAL_Driver/Src/stm32l4xx_hal_uart.o
                0x08012310                UART_SetConfig
 .text.UART_AdvFeatureConfig
                0x08012520       0xa8 ./Drivers/STM32L4xx_HAL_Driver/Src/stm32l4xx_hal_uart.o
                0x08012520                UART_AdvFeatureConfig
 .text.UART_WaitOnFlagUntilTimeout
                0x080125c8       0x90 ./Drivers/STM32L4xx_HAL_Driver/Src/stm32l4xx_hal_uart.o
                0x080125c8                UART_WaitOnFlagUntilTimeout
 .text.HAL_UART_Transmit
                0x08012658       0xa2 ./Drivers/STM32L4xx_HAL_Driver/Src/stm32l4xx_hal_uart.o
                0x08012658                HAL_UART_Transmit
 .text.HAL_UART_Receive
                0x080126fa       0xd6 ./Drivers/STM32L4xx_HAL_Driver/Src/stm32l4xx_hal_uart.o
                0x080126fa                HAL_UART_Receive
 .text.UART_CheckIdleState
                0x080127d0       0xb2 ./Drivers/STM32L4xx_HAL_Driver/Src/stm32l4xx_hal_uart.o
                0x080127d0                UART_CheckIdleState
 .text.HAL_UART_Init
                0x08012882       0x5c ./Drivers/STM32L4xx_HAL_Driver/Src/stm32l4xx_hal_uart.o
                0x08012882                HAL_UART_Init
 *fill*         0x080128de        0x2 
 .text._write   0x080128e0       0x40 ./X-CUBE-AI/App/aiTestUtility.o
                0x080128e0                _write
 .text.lc_print
                0x08012920        0x6 ./X-CUBE-AI/App/aiTestUtility.o
                0x08012920                lc_print
 *fill*         0x08012926        0x2 
 .text.__wrap_malloc
                0x08012928       0x50 ./X-CUBE-AI/App/aiTestUtility.o
                0x08012928                __wrap_malloc
 .text.dwtCyclesToTime
                0x08012978       0x7c ./X-CUBE-AI/App/aiTestUtility.o
                0x08012978                dwtCyclesToTime
 .text.getFlashCacheConf
                0x080129f4       0x3c ./X-CUBE-AI/App/aiTestUtility.o
                0x080129f4                getFlashCacheConf
 .text.getSysConf.part.0
                0x08012a30       0x24 ./X-CUBE-AI/App/aiTestUtility.o
 .text.systemSettingLog
                0x08012a54       0x1c ./X-CUBE-AI/App/aiTestUtility.o
                0x08012a54                systemSettingLog
 .text.aiValidationInit
                0x08012a70       0x8c ./X-CUBE-AI/App/aiValidation.o
                0x08012a70                aiValidationInit
 .text.port_dwt_init_imp
                0x08012afc       0x28 ./X-CUBE-AI/App/ai_device_adaptor.o
                0x08012afc                port_dwt_init_imp
 .text.MX_X_CUBE_AI_Init
                0x08012b24        0xe ./X-CUBE-AI/App/app_x-cube-ai.o
                0x08012b24                MX_X_CUBE_AI_Init
 *fill*         0x08012b32        0x2 
 .text.ai_cifar_model_create
                0x08012b34       0x1c ./X-CUBE-AI/App/cifar_model.o
                0x08012b34                ai_cifar_model_create
 .text.ai_cifar_model_inputs_get
                0x08012b50       0x14 ./X-CUBE-AI/App/cifar_model.o
                0x08012b50                ai_cifar_model_inputs_get
 .text.ai_cifar_model_outputs_get
                0x08012b64       0x14 ./X-CUBE-AI/App/cifar_model.o
                0x08012b64                ai_cifar_model_outputs_get
 .text.ai_cifar_model_init
                0x08012b78      0x498 ./X-CUBE-AI/App/cifar_model.o
                0x08012b78                ai_cifar_model_init
 .text.ai_cifar_model_data_activations_buffer_get
                0x08013010       0x28 ./X-CUBE-AI/App/cifar_model_data.o
                0x08013010                ai_cifar_model_data_activations_buffer_get
 .text.ai_cifar_model_data_weights_buffer_get
                0x08013038       0x28 ./X-CUBE-AI/App/cifar_model_data.o
                0x08013038                ai_cifar_model_data_weights_buffer_get
 .text.ai_cifar_model_data_weights_get
                0x08013060        0x8 ./X-CUBE-AI/App/cifar_model_data.o
                0x08013060                ai_cifar_model_data_weights_get
 .text.ai_version_get
                0x08013068        0xc ../Middlewares/ST/AI/Lib/NetworkRuntime1000_CM4_GCC.a(ai_datatypes_internal.o)
                0x08013068                ai_version_get
 .text.ai_buffer_get_size
                0x08013074       0x68 ../Middlewares/ST/AI/Lib/NetworkRuntime1000_CM4_GCC.a(ai_platform.o)
                0x08013074                ai_buffer_get_size
 .text.ai_buffer_array_sane
                0x080130dc       0x14 ../Middlewares/ST/AI/Lib/NetworkRuntime1000_CM4_GCC.a(ai_platform.o)
                0x080130dc                ai_buffer_array_sane
 .text.ai_platform_get_weights_map
                0x080130f0       0xa8 ../Middlewares/ST/AI/Lib/NetworkRuntime1000_CM4_GCC.a(ai_platform_interface.o)
                0x080130f0                ai_platform_get_weights_map
 .text.ai_platform_get_activations_map
                0x08013198       0xa8 ../Middlewares/ST/AI/Lib/NetworkRuntime1000_CM4_GCC.a(ai_platform_interface.o)
                0x08013198                ai_platform_get_activations_map
 .text.ai_platform_network_set_error
                0x08013240        0xc ../Middlewares/ST/AI/Lib/NetworkRuntime1000_CM4_GCC.a(ai_platform_interface.o)
                0x08013240                ai_platform_network_set_error
 .text.ai_platform_inputs_get
                0x0801324c       0xec ../Middlewares/ST/AI/Lib/NetworkRuntime1000_CM4_GCC.a(ai_platform_interface.o)
                0x0801324c                ai_platform_inputs_get
 .text.ai_platform_outputs_get
                0x08013338       0xe8 ../Middlewares/ST/AI/Lib/NetworkRuntime1000_CM4_GCC.a(ai_platform_interface.o)
                0x08013338                ai_platform_outputs_get
 .text.ai_platform_network_create
                0x08013420       0x84 ../Middlewares/ST/AI/Lib/NetworkRuntime1000_CM4_GCC.a(ai_platform_interface.o)
                0x08013420                ai_platform_network_create
 .text.ai_platform_network_init
                0x080134a4      0x19c ../Middlewares/ST/AI/Lib/NetworkRuntime1000_CM4_GCC.a(ai_platform_interface.o)
                0x080134a4                ai_platform_network_init
 .text.ai_platform_network_post_init
                0x08013640       0x60 ../Middlewares/ST/AI/Lib/NetworkRuntime1000_CM4_GCC.a(ai_platform_interface.o)
                0x08013640                ai_platform_network_post_init
 .text.core_init
                0x080136a0        0x4 ../Middlewares/ST/AI/Lib/NetworkRuntime1000_CM4_GCC.a(core_common.o)
                0x080136a0                core_init
 .text.core_set_error
                0x080136a4       0x18 ../Middlewares/ST/AI/Lib/NetworkRuntime1000_CM4_GCC.a(core_common.o)
                0x080136a4                core_set_error
 .text.ai_check_custom_types
                0x080136bc       0x54 ../Middlewares/ST/AI/Lib/NetworkRuntime1000_CM4_GCC.a(layers.o)
                0x080136bc                ai_check_custom_types
 .text.ai_layers_init_all
                0x08013710       0x1c ../Middlewares/ST/AI/Lib/NetworkRuntime1000_CM4_GCC.a(layers.o)
                0x08013710                ai_layers_init_all
 .text.ai_layers_post_init_all
                0x0801372c       0x28 ../Middlewares/ST/AI/Lib/NetworkRuntime1000_CM4_GCC.a(layers.o)
                0x0801372c                ai_layers_post_init_all
 .text.forward_conv2d_rgb_sssa8_ch
                0x08013754      0x198 ../Middlewares/ST/AI/Lib/NetworkRuntime1000_CM4_GCC.a(layers_conv2d_rgb_sssa8_ch.o)
                0x08013754                forward_conv2d_rgb_sssa8_ch
 .text.forward_conv2d_deep_3x3_sssa8_ch
                0x080138ec      0x194 ../Middlewares/ST/AI/Lib/NetworkRuntime1000_CM4_GCC.a(layers_conv2d_sssa8_ch.o)
                0x080138ec                forward_conv2d_deep_3x3_sssa8_ch
 .text.forward_dense_integer_SSSA
                0x08013a80      0x238 ../Middlewares/ST/AI/Lib/NetworkRuntime1000_CM4_GCC.a(layers_conv2d_stm32_integer.o)
                0x08013a80                forward_dense_integer_SSSA
 .text.forward_sm_integer
                0x08013cb8       0xc0 ../Middlewares/ST/AI/Lib/NetworkRuntime1000_CM4_GCC.a(layers_nl_stm32_integer.o)
                0x08013cb8                forward_sm_integer
 .text.forward_mp_integer_INT8
                0x08013d78      0x220 ../Middlewares/ST/AI/Lib/NetworkRuntime1000_CM4_GCC.a(layers_pool_stm32_integer.o)
                0x08013d78                forward_mp_integer_INT8
 .text.forward_ap_integer_INT8
                0x08013f98      0x1e0 ../Middlewares/ST/AI/Lib/NetworkRuntime1000_CM4_GCC.a(layers_pool_stm32_integer.o)
                0x08013f98                forward_ap_integer_INT8
 .text.forward_eltwise_integer_INT8
                0x08014178      0x3c4 ../Middlewares/ST/AI/Lib/NetworkRuntime1000_CM4_GCC.a(layers_stm32_integer.o)
                0x08014178                forward_eltwise_integer_INT8
 .text.forward_lite_dense_is8os8ws8
                0x0801453c       0x80 ../Middlewares/ST/AI/Lib/NetworkRuntime1000_CM4_GCC.a(forward_lite_dense_is8os8ws8.o)
                0x0801453c                forward_lite_dense_is8os8ws8
 .text.forward_lite_maxpool_is8os8_scalepos
                0x080145bc      0x1c4 ../Middlewares/ST/AI/Lib/NetworkRuntime1000_CM4_GCC.a(forward_lite_maxpool_is8os8_scalepos.o)
                0x080145bc                forward_lite_maxpool_is8os8_scalepos
 .text.forward_lite_avepool_is8os8
                0x08014780       0x4c ../Middlewares/ST/AI/Lib/NetworkRuntime1000_CM4_GCC.a(forward_lite_avepool_is8os8.o)
                0x08014780                forward_lite_avepool_is8os8
 .text.forward_lite_conv2d_deep_3x3_sssa8_ch
                0x080147cc      0x150 ../Middlewares/ST/AI/Lib/NetworkRuntime1000_CM4_GCC.a(forward_lite_conv2d_sssa8_ch.o)
                0x080147cc                forward_lite_conv2d_deep_3x3_sssa8_ch
 .text.forward_lite_conv2d_rgb_sssa8_ch
                0x0801491c      0x4f0 ../Middlewares/ST/AI/Lib/NetworkRuntime1000_CM4_GCC.a(forward_lite_conv2d_sssa8_ch.o)
                0x0801491c                forward_lite_conv2d_rgb_sssa8_ch
 .text.forward_lite_maxpool_is8os8_scaleneg
                0x08014e0c      0x1c0 ../Middlewares/ST/AI/Lib/NetworkRuntime1000_CM4_GCC.a(forward_lite_maxpool_is8os8.o)
                0x08014e0c                forward_lite_maxpool_is8os8_scaleneg
 .text.forward_lite_nl_softmax_is8os8
                0x08014fcc       0x14 ../Middlewares/ST/AI/Lib/NetworkRuntime1000_CM4_GCC.a(lite_nl_generic_integer.o)
                0x08014fcc                forward_lite_nl_softmax_is8os8
 .text.forward_lite_nl_softmax_iu8ou8
                0x08014fe0       0x14 ../Middlewares/ST/AI/Lib/NetworkRuntime1000_CM4_GCC.a(lite_nl_generic_integer.o)
                0x08014fe0                forward_lite_nl_softmax_iu8ou8
 .text.align_factor
                0x08014ff4       0xa8 ../Middlewares/ST/AI/Lib/NetworkRuntime1000_CM4_GCC.a(st_align_factor.o)
                0x08014ff4                align_factor
 .text.align_factor_ch
                0x0801509c       0x60 ../Middlewares/ST/AI/Lib/NetworkRuntime1000_CM4_GCC.a(st_align_factor.o)
                0x0801509c                align_factor_ch
 .text.st_int8_to16_dual
                0x080150fc      0x1d4 ../Middlewares/ST/AI/Lib/NetworkRuntime1000_CM4_GCC.a(st_int8_to16_no_shift.o)
                0x080150fc                st_int8_to16_dual
 .text.ai_padding_opt_init
                0x080152d0       0xb0 ../Middlewares/ST/AI/Lib/NetworkRuntime1000_CM4_GCC.a(st_padding_opt.o)
                0x080152d0                ai_padding_opt_init
 .text.ai_padding_opt_phase1
                0x08015380       0x34 ../Middlewares/ST/AI/Lib/NetworkRuntime1000_CM4_GCC.a(st_padding_opt.o)
                0x08015380                ai_padding_opt_phase1
 .text.st_int8_avepool
                0x080153b4      0x1f8 ../Middlewares/ST/AI/Lib/NetworkRuntime1000_CM4_GCC.a(st_int8_pool.o)
                0x080153b4                st_int8_avepool
 .text.st_sssa8_ch_convolve_rank1upd
                0x080155ac      0x11c ../Middlewares/ST/AI/Lib/NetworkRuntime1000_CM4_GCC.a(st_sssa8_ch_convolve.o)
                0x080155ac                st_sssa8_ch_convolve_rank1upd
 .text.st_sssa8_fully_connected
                0x080156c8      0x37c ../Middlewares/ST/AI/Lib/NetworkRuntime1000_CM4_GCC.a(st_sssa8_dense.o)
                0x080156c8                st_sssa8_fully_connected
 .text.st_int8_reordered_no_shift_zero
                0x08015a44       0x68 ../Middlewares/ST/AI/Lib/NetworkRuntime1000_CM4_GCC.a(st_int8_reordered_no_shift.o)
                0x08015a44                st_int8_reordered_no_shift_zero
 .text.st_sssa8_ch_nn_mat_mult_kernel_single_opt
                0x08015aac      0x390 ../Middlewares/ST/AI/Lib/NetworkRuntime1000_CM4_GCC.a(st_sssa8_ch_nn_mat_mult_kernel_single_opt.o)
                0x08015aac                st_sssa8_ch_nn_mat_mult_kernel_single_opt
 *fill*         0x08015e3c        0x4 
 .text.st_sssa8_dense_memopt_loop
                0x08015e40      0x794 ../Middlewares/ST/AI/Lib/NetworkRuntime1000_CM4_GCC.a(st_sssa8_dense_loop.o)
                0x08015e40                st_sssa8_dense_loop
                0x080161f0                st_sssa8_dense_memopt_loop
 *fill*         0x080165d4     0x9a2c 
 .text.st_sssa8_ch_nn_mat_mult_deep_conv2d_3x3
                0x08020000      0xb30 ../Middlewares/ST/AI/Lib/NetworkRuntime1000_CM4_GCC.a(st_sssa8_ch_nn_mat_mult_deep_conv2d_3x3.o)
                0x08020000                st_sssa8_ch_nn_mat_mult_deep_conv2d_3x3
 .text.st_sssa8_ch_nn_mat_mult_kernel_opt
                0x08020b30      0x33c ../Middlewares/ST/AI/Lib/NetworkRuntime1000_CM4_GCC.a(st_sssa8_ch_nn_mat_mult_kernel_opt.o)
                0x08020b30                st_sssa8_ch_nn_mat_mult_kernel_opt
 .text.ai_mul_buffer_INT8
                0x08020e6c      0x5f8 ../Middlewares/ST/AI/Lib/NetworkRuntime1000_CM4_GCC.a(ai_math_helpers.o)
                0x08020e6c                ai_mul_buffer_INT8
 .text.ai_sum_f32
                0x08021464       0x14 ../Middlewares/ST/AI/Lib/NetworkRuntime1000_CM4_GCC.a(ai_math_helpers.o)
                0x08021464                ai_sum_f32
 .text.ai_mul_f32
                0x08021478       0x14 ../Middlewares/ST/AI/Lib/NetworkRuntime1000_CM4_GCC.a(ai_math_helpers.o)
                0x08021478                ai_mul_f32
 .text.ai_sum_buffer_INT8
                0x0802148c      0x2f0 ../Middlewares/ST/AI/Lib/NetworkRuntime1000_CM4_GCC.a(ai_math_helpers.o)
                0x0802148c                ai_sum_buffer_INT8
 .text.ai_array_to_buffer_fmt
                0x0802177c       0xe0 ../Middlewares/ST/AI/Lib/NetworkRuntime1000_CM4_GCC.a(ai_datatypes_format.o)
                0x0802177c                ai_array_to_buffer_fmt
 .text.ai_array_get_byte_size
                0x0802185c       0x50 ../Middlewares/ST/AI/Lib/NetworkRuntime1000_CM4_GCC.a(ai_datatypes_format.o)
                0x0802185c                ai_array_get_byte_size
 .text.core_get_broadcasted_shape
                0x080218ac       0x58 ../Middlewares/ST/AI/Lib/NetworkRuntime1000_CM4_GCC.a(core_utils.o)
                0x080218ac                core_get_broadcasted_shape
 .text.core_compute_offsets
                0x08021904      0x124 ../Middlewares/ST/AI/Lib/NetworkRuntime1000_CM4_GCC.a(core_utils.o)
                0x08021904                core_compute_offsets
 .text.ai_math_elementwise_mul_int8
                0x08021a28      0x38c ../Middlewares/ST/AI/Lib/NetworkRuntime1000_CM4_GCC.a(ai_math_elementwise_mul_int8.o)
                0x08021a28                ai_math_elementwise_mul_int8
 .text.ai_math_elementwise_sum_int8
                0x08021db4      0x1d4 ../Middlewares/ST/AI/Lib/NetworkRuntime1000_CM4_GCC.a(ai_math_elementwise_sum_int8.o)
                0x08021db4                ai_math_elementwise_sum_int8
 .text._lite_kernel_nl_softmax_is8os8
                0x08021f88      0xb74 ../Middlewares/ST/AI/Lib/NetworkRuntime1000_CM4_GCC.a(lite_nl_softmax_is8os8.o)
                0x08021f88                _lite_kernel_nl_softmax_is8os8
 .text._lite_kernel_nl_softmax_iu8ou8
                0x08022afc      0x888 ../Middlewares/ST/AI/Lib/NetworkRuntime1000_CM4_GCC.a(lite_nl_softmax_iu8ou8.o)
                0x08022afc                _lite_kernel_nl_softmax_iu8ou8
 .text.__cvt    0x08023384       0xca /Applications/STM32CubeIDE.app/Contents/Eclipse/plugins/com.st.stm32cube.ide.mcu.externaltools.gnu-tools-for-stm32.13.3.rel1.macos64_1.0.0.202411102158/tools/bin/../lib/gcc/arm-none-eabi/13.3.1/../../../../arm-none-eabi/lib/thumb/v7e-m+fp/hard/libc_nano.a(libc_a-nano-vfprintf_float.o)
                0x08023384                __cvt
 .text.__exponent
                0x0802344e       0x74 /Applications/STM32CubeIDE.app/Contents/Eclipse/plugins/com.st.stm32cube.ide.mcu.externaltools.gnu-tools-for-stm32.13.3.rel1.macos64_1.0.0.202411102158/tools/bin/../lib/gcc/arm-none-eabi/13.3.1/../../../../arm-none-eabi/lib/thumb/v7e-m+fp/hard/libc_nano.a(libc_a-nano-vfprintf_float.o)
                0x0802344e                __exponent
 *fill*         0x080234c2        0x2 
 .text._printf_float
                0x080234c4      0x454 /Applications/STM32CubeIDE.app/Contents/Eclipse/plugins/com.st.stm32cube.ide.mcu.externaltools.gnu-tools-for-stm32.13.3.rel1.macos64_1.0.0.202411102158/tools/bin/../lib/gcc/arm-none-eabi/13.3.1/../../../../arm-none-eabi/lib/thumb/v7e-m+fp/hard/libc_nano.a(libc_a-nano-vfprintf_float.o)
                0x080234c4                _printf_float
 .text.malloc   0x08023918       0x10 /Applications/STM32CubeIDE.app/Contents/Eclipse/plugins/com.st.stm32cube.ide.mcu.externaltools.gnu-tools-for-stm32.13.3.rel1.macos64_1.0.0.202411102158/tools/bin/../lib/gcc/arm-none-eabi/13.3.1/../../../../arm-none-eabi/lib/thumb/v7e-m+fp/hard/libc_nano.a(libc_a-malloc.o)
                0x08023918                malloc
 .text.sbrk_aligned
                0x08023928       0x44 /Applications/STM32CubeIDE.app/Contents/Eclipse/plugins/com.st.stm32cube.ide.mcu.externaltools.gnu-tools-for-stm32.13.3.rel1.macos64_1.0.0.202411102158/tools/bin/../lib/gcc/arm-none-eabi/13.3.1/../../../../arm-none-eabi/lib/thumb/v7e-m+fp/hard/libc_nano.a(libc_a-mallocr.o)
 .text._malloc_r
                0x0802396c      0x100 /Applications/STM32CubeIDE.app/Contents/Eclipse/plugins/com.st.stm32cube.ide.mcu.externaltools.gnu-tools-for-stm32.13.3.rel1.macos64_1.0.0.202411102158/tools/bin/../lib/gcc/arm-none-eabi/13.3.1/../../../../arm-none-eabi/lib/thumb/v7e-m+fp/hard/libc_nano.a(libc_a-mallocr.o)
                0x0802396c                _malloc_r
 .text._printf_common
                0x08023a6c       0xda /Applications/STM32CubeIDE.app/Contents/Eclipse/plugins/com.st.stm32cube.ide.mcu.externaltools.gnu-tools-for-stm32.13.3.rel1.macos64_1.0.0.202411102158/tools/bin/../lib/gcc/arm-none-eabi/13.3.1/../../../../arm-none-eabi/lib/thumb/v7e-m+fp/hard/libc_nano.a(libc_a-nano-vfprintf_i.o)
                0x08023a6c                _printf_common
 *fill*         0x08023b46        0x2 
 .text._printf_i
                0x08023b48      0x23c /Applications/STM32CubeIDE.app/Contents/Eclipse/plugins/com.st.stm32cube.ide.mcu.externaltools.gnu-tools-for-stm32.13.3.rel1.macos64_1.0.0.202411102158/tools/bin/../lib/gcc/arm-none-eabi/13.3.1/../../../../arm-none-eabi/lib/thumb/v7e-m+fp/hard/libc_nano.a(libc_a-nano-vfprintf_i.o)
                0x08023b48                _printf_i
 .text.__malloc_lock
                0x08023d84        0xc /Applications/STM32CubeIDE.app/Contents/Eclipse/plugins/com.st.stm32cube.ide.mcu.externaltools.gnu-tools-for-stm32.13.3.rel1.macos64_1.0.0.202411102158/tools/bin/../lib/gcc/arm-none-eabi/13.3.1/../../../../arm-none-eabi/lib/thumb/v7e-m+fp/hard/libc_nano.a(libc_a-mlock.o)
                0x08023d84                __malloc_lock
 .text.__malloc_unlock
                0x08023d90        0xc /Applications/STM32CubeIDE.app/Contents/Eclipse/plugins/com.st.stm32cube.ide.mcu.externaltools.gnu-tools-for-stm32.13.3.rel1.macos64_1.0.0.202411102158/tools/bin/../lib/gcc/arm-none-eabi/13.3.1/../../../../arm-none-eabi/lib/thumb/v7e-m+fp/hard/libc_nano.a(libc_a-mlock.o)
                0x08023d90                __malloc_unlock
 .text.std      0x08023d9c       0x6c /Applications/STM32CubeIDE.app/Contents/Eclipse/plugins/com.st.stm32cube.ide.mcu.externaltools.gnu-tools-for-stm32.13.3.rel1.macos64_1.0.0.202411102158/tools/bin/../lib/gcc/arm-none-eabi/13.3.1/../../../../arm-none-eabi/lib/thumb/v7e-m+fp/hard/libc_nano.a(libc_a-findfp.o)
 .text.stdio_exit_handler
                0x08023e08       0x18 /Applications/STM32CubeIDE.app/Contents/Eclipse/plugins/com.st.stm32cube.ide.mcu.externaltools.gnu-tools-for-stm32.13.3.rel1.macos64_1.0.0.202411102158/tools/bin/../lib/gcc/arm-none-eabi/13.3.1/../../../../arm-none-eabi/lib/thumb/v7e-m+fp/hard/libc_nano.a(libc_a-findfp.o)
 .text.cleanup_stdio
                0x08023e20       0x40 /Applications/STM32CubeIDE.app/Contents/Eclipse/plugins/com.st.stm32cube.ide.mcu.externaltools.gnu-tools-for-stm32.13.3.rel1.macos64_1.0.0.202411102158/tools/bin/../lib/gcc/arm-none-eabi/13.3.1/../../../../arm-none-eabi/lib/thumb/v7e-m+fp/hard/libc_nano.a(libc_a-findfp.o)
 .text.global_stdio_init.part.0
                0x08023e60       0x3c /Applications/STM32CubeIDE.app/Contents/Eclipse/plugins/com.st.stm32cube.ide.mcu.externaltools.gnu-tools-for-stm32.13.3.rel1.macos64_1.0.0.202411102158/tools/bin/../lib/gcc/arm-none-eabi/13.3.1/../../../../arm-none-eabi/lib/thumb/v7e-m+fp/hard/libc_nano.a(libc_a-findfp.o)
 .text.__sfp_lock_acquire
                0x08023e9c        0xc /Applications/STM32CubeIDE.app/Contents/Eclipse/plugins/com.st.stm32cube.ide.mcu.externaltools.gnu-tools-for-stm32.13.3.rel1.macos64_1.0.0.202411102158/tools/bin/../lib/gcc/arm-none-eabi/13.3.1/../../../../arm-none-eabi/lib/thumb/v7e-m+fp/hard/libc_nano.a(libc_a-findfp.o)
                0x08023e9c                __sfp_lock_acquire
 .text.__sfp_lock_release
                0x08023ea8        0xc /Applications/STM32CubeIDE.app/Contents/Eclipse/plugins/com.st.stm32cube.ide.mcu.externaltools.gnu-tools-for-stm32.13.3.rel1.macos64_1.0.0.202411102158/tools/bin/../lib/gcc/arm-none-eabi/13.3.1/../../../../arm-none-eabi/lib/thumb/v7e-m+fp/hard/libc_nano.a(libc_a-findfp.o)
                0x08023ea8                __sfp_lock_release
 .text.__sinit  0x08023eb4       0x30 /Applications/STM32CubeIDE.app/Contents/Eclipse/plugins/com.st.stm32cube.ide.mcu.externaltools.gnu-tools-for-stm32.13.3.rel1.macos64_1.0.0.202411102158/tools/bin/../lib/gcc/arm-none-eabi/13.3.1/../../../../arm-none-eabi/lib/thumb/v7e-m+fp/hard/libc_nano.a(libc_a-findfp.o)
                0x08023eb4                __sinit
 .text._fwalk_sglue
                0x08023ee4       0x3c /Applications/STM32CubeIDE.app/Contents/Eclipse/plugins/com.st.stm32cube.ide.mcu.externaltools.gnu-tools-for-stm32.13.3.rel1.macos64_1.0.0.202411102158/tools/bin/../lib/gcc/arm-none-eabi/13.3.1/../../../../arm-none-eabi/lib/thumb/v7e-m+fp/hard/libc_nano.a(libc_a-fwalk.o)
                0x08023ee4                _fwalk_sglue
 .text._puts_r  0x08023f20       0xaa /Applications/STM32CubeIDE.app/Contents/Eclipse/plugins/com.st.stm32cube.ide.mcu.externaltools.gnu-tools-for-stm32.13.3.rel1.macos64_1.0.0.202411102158/tools/bin/../lib/gcc/arm-none-eabi/13.3.1/../../../../arm-none-eabi/lib/thumb/v7e-m+fp/hard/libc_nano.a(libc_a-puts.o)
                0x08023f20                _puts_r
 *fill*         0x08023fca        0x2 
 .text.puts     0x08023fcc       0x10 /Applications/STM32CubeIDE.app/Contents/Eclipse/plugins/com.st.stm32cube.ide.mcu.externaltools.gnu-tools-for-stm32.13.3.rel1.macos64_1.0.0.202411102158/tools/bin/../lib/gcc/arm-none-eabi/13.3.1/../../../../arm-none-eabi/lib/thumb/v7e-m+fp/hard/libc_nano.a(libc_a-puts.o)
                0x08023fcc                puts
 .text.memset   0x08023fdc       0x10 /Applications/STM32CubeIDE.app/Contents/Eclipse/plugins/com.st.stm32cube.ide.mcu.externaltools.gnu-tools-for-stm32.13.3.rel1.macos64_1.0.0.202411102158/tools/bin/../lib/gcc/arm-none-eabi/13.3.1/../../../../arm-none-eabi/lib/thumb/v7e-m+fp/hard/libc_nano.a(libc_a-memset.o)
                0x08023fdc                memset
 .text._sbrk_r  0x08023fec       0x20 /Applications/STM32CubeIDE.app/Contents/Eclipse/plugins/com.st.stm32cube.ide.mcu.externaltools.gnu-tools-for-stm32.13.3.rel1.macos64_1.0.0.202411102158/tools/bin/../lib/gcc/arm-none-eabi/13.3.1/../../../../arm-none-eabi/lib/thumb/v7e-m+fp/hard/libc_nano.a(libc_a-sbrkr.o)
                0x08023fec                _sbrk_r
 .text.__errno  0x0802400c        0xc /Applications/STM32CubeIDE.app/Contents/Eclipse/plugins/com.st.stm32cube.ide.mcu.externaltools.gnu-tools-for-stm32.13.3.rel1.macos64_1.0.0.202411102158/tools/bin/../lib/gcc/arm-none-eabi/13.3.1/../../../../arm-none-eabi/lib/thumb/v7e-m+fp/hard/libc_nano.a(libc_a-errno.o)
                0x0802400c                __errno
 .text.__libc_init_array
                0x08024018       0x48 /Applications/STM32CubeIDE.app/Contents/Eclipse/plugins/com.st.stm32cube.ide.mcu.externaltools.gnu-tools-for-stm32.13.3.rel1.macos64_1.0.0.202411102158/tools/bin/../lib/gcc/arm-none-eabi/13.3.1/../../../../arm-none-eabi/lib/thumb/v7e-m+fp/hard/libc_nano.a(libc_a-init.o)
                0x08024018                __libc_init_array
 .text.__retarget_lock_init_recursive
                0x08024060        0x2 /Applications/STM32CubeIDE.app/Contents/Eclipse/plugins/com.st.stm32cube.ide.mcu.externaltools.gnu-tools-for-stm32.13.3.rel1.macos64_1.0.0.202411102158/tools/bin/../lib/gcc/arm-none-eabi/13.3.1/../../../../arm-none-eabi/lib/thumb/v7e-m+fp/hard/libc_nano.a(libc_a-lock.o)
                0x08024060                __retarget_lock_init_recursive
 .text.__retarget_lock_acquire_recursive
                0x08024062        0x2 /Applications/STM32CubeIDE.app/Contents/Eclipse/plugins/com.st.stm32cube.ide.mcu.externaltools.gnu-tools-for-stm32.13.3.rel1.macos64_1.0.0.202411102158/tools/bin/../lib/gcc/arm-none-eabi/13.3.1/../../../../arm-none-eabi/lib/thumb/v7e-m+fp/hard/libc_nano.a(libc_a-lock.o)
                0x08024062                __retarget_lock_acquire_recursive
 .text.__retarget_lock_release_recursive
                0x08024064        0x2 /Applications/STM32CubeIDE.app/Contents/Eclipse/plugins/com.st.stm32cube.ide.mcu.externaltools.gnu-tools-for-stm32.13.3.rel1.macos64_1.0.0.202411102158/tools/bin/../lib/gcc/arm-none-eabi/13.3.1/../../../../arm-none-eabi/lib/thumb/v7e-m+fp/hard/libc_nano.a(libc_a-lock.o)
                0x08024064                __retarget_lock_release_recursive
 *fill*         0x08024066        0x2 
 .text._localeconv_r
                0x08024068        0x8 /Applications/STM32CubeIDE.app/Contents/Eclipse/plugins/com.st.stm32cube.ide.mcu.externaltools.gnu-tools-for-stm32.13.3.rel1.macos64_1.0.0.202411102158/tools/bin/../lib/gcc/arm-none-eabi/13.3.1/../../../../arm-none-eabi/lib/thumb/v7e-m+fp/hard/libc_nano.a(libc_a-localeconv.o)
                0x08024068                _localeconv_r
 .text.memcpy   0x08024070       0x1c /Applications/STM32CubeIDE.app/Contents/Eclipse/plugins/com.st.stm32cube.ide.mcu.externaltools.gnu-tools-for-stm32.13.3.rel1.macos64_1.0.0.202411102158/tools/bin/../lib/gcc/arm-none-eabi/13.3.1/../../../../arm-none-eabi/lib/thumb/v7e-m+fp/hard/libc_nano.a(libc_a-memcpy-stub.o)
                0x08024070                memcpy
 .text.quorem   0x0802408c      0x110 /Applications/STM32CubeIDE.app/Contents/Eclipse/plugins/com.st.stm32cube.ide.mcu.externaltools.gnu-tools-for-stm32.13.3.rel1.macos64_1.0.0.202411102158/tools/bin/../lib/gcc/arm-none-eabi/13.3.1/../../../../arm-none-eabi/lib/thumb/v7e-m+fp/hard/libc_nano.a(libc_a-dtoa.o)
 *fill*         0x0802419c        0x4 
 .text._dtoa_r  0x080241a0      0xba0 /Applications/STM32CubeIDE.app/Contents/Eclipse/plugins/com.st.stm32cube.ide.mcu.externaltools.gnu-tools-for-stm32.13.3.rel1.macos64_1.0.0.202411102158/tools/bin/../lib/gcc/arm-none-eabi/13.3.1/../../../../arm-none-eabi/lib/thumb/v7e-m+fp/hard/libc_nano.a(libc_a-dtoa.o)
                0x080241a0                _dtoa_r
 .text._free_r  0x08024d40       0x94 /Applications/STM32CubeIDE.app/Contents/Eclipse/plugins/com.st.stm32cube.ide.mcu.externaltools.gnu-tools-for-stm32.13.3.rel1.macos64_1.0.0.202411102158/tools/bin/../lib/gcc/arm-none-eabi/13.3.1/../../../../arm-none-eabi/lib/thumb/v7e-m+fp/hard/libc_nano.a(libc_a-freer.o)
                0x08024d40                _free_r
 .text.__sflush_r
                0x08024dd4      0x108 /Applications/STM32CubeIDE.app/Contents/Eclipse/plugins/com.st.stm32cube.ide.mcu.externaltools.gnu-tools-for-stm32.13.3.rel1.macos64_1.0.0.202411102158/tools/bin/../lib/gcc/arm-none-eabi/13.3.1/../../../../arm-none-eabi/lib/thumb/v7e-m+fp/hard/libc_nano.a(libc_a-fflush.o)
                0x08024dd4                __sflush_r
 .text._fflush_r
                0x08024edc       0x50 /Applications/STM32CubeIDE.app/Contents/Eclipse/plugins/com.st.stm32cube.ide.mcu.externaltools.gnu-tools-for-stm32.13.3.rel1.macos64_1.0.0.202411102158/tools/bin/../lib/gcc/arm-none-eabi/13.3.1/../../../../arm-none-eabi/lib/thumb/v7e-m+fp/hard/libc_nano.a(libc_a-fflush.o)
                0x08024edc                _fflush_r
 .text._Balloc  0x08024f2c       0x80 /Applications/STM32CubeIDE.app/Contents/Eclipse/plugins/com.st.stm32cube.ide.mcu.externaltools.gnu-tools-for-stm32.13.3.rel1.macos64_1.0.0.202411102158/tools/bin/../lib/gcc/arm-none-eabi/13.3.1/../../../../arm-none-eabi/lib/thumb/v7e-m+fp/hard/libc_nano.a(libc_a-mprec.o)
                0x08024f2c                _Balloc
 .text._Bfree   0x08024fac       0x44 /Applications/STM32CubeIDE.app/Contents/Eclipse/plugins/com.st.stm32cube.ide.mcu.externaltools.gnu-tools-for-stm32.13.3.rel1.macos64_1.0.0.202411102158/tools/bin/../lib/gcc/arm-none-eabi/13.3.1/../../../../arm-none-eabi/lib/thumb/v7e-m+fp/hard/libc_nano.a(libc_a-mprec.o)
                0x08024fac                _Bfree
 .text.__multadd
                0x08024ff0       0x8c /Applications/STM32CubeIDE.app/Contents/Eclipse/plugins/com.st.stm32cube.ide.mcu.externaltools.gnu-tools-for-stm32.13.3.rel1.macos64_1.0.0.202411102158/tools/bin/../lib/gcc/arm-none-eabi/13.3.1/../../../../arm-none-eabi/lib/thumb/v7e-m+fp/hard/libc_nano.a(libc_a-mprec.o)
                0x08024ff0                __multadd
 .text.__hi0bits
                0x0802507c       0x3e /Applications/STM32CubeIDE.app/Contents/Eclipse/plugins/com.st.stm32cube.ide.mcu.externaltools.gnu-tools-for-stm32.13.3.rel1.macos64_1.0.0.202411102158/tools/bin/../lib/gcc/arm-none-eabi/13.3.1/../../../../arm-none-eabi/lib/thumb/v7e-m+fp/hard/libc_nano.a(libc_a-mprec.o)
                0x0802507c                __hi0bits
 .text.__lo0bits
                0x080250ba       0x5a /Applications/STM32CubeIDE.app/Contents/Eclipse/plugins/com.st.stm32cube.ide.mcu.externaltools.gnu-tools-for-stm32.13.3.rel1.macos64_1.0.0.202411102158/tools/bin/../lib/gcc/arm-none-eabi/13.3.1/../../../../arm-none-eabi/lib/thumb/v7e-m+fp/hard/libc_nano.a(libc_a-mprec.o)
                0x080250ba                __lo0bits
 .text.__i2b    0x08025114       0x2c /Applications/STM32CubeIDE.app/Contents/Eclipse/plugins/com.st.stm32cube.ide.mcu.externaltools.gnu-tools-for-stm32.13.3.rel1.macos64_1.0.0.202411102158/tools/bin/../lib/gcc/arm-none-eabi/13.3.1/../../../../arm-none-eabi/lib/thumb/v7e-m+fp/hard/libc_nano.a(libc_a-mprec.o)
                0x08025114                __i2b
 .text.__multiply
                0x08025140      0x144 /Applications/STM32CubeIDE.app/Contents/Eclipse/plugins/com.st.stm32cube.ide.mcu.externaltools.gnu-tools-for-stm32.13.3.rel1.macos64_1.0.0.202411102158/tools/bin/../lib/gcc/arm-none-eabi/13.3.1/../../../../arm-none-eabi/lib/thumb/v7e-m+fp/hard/libc_nano.a(libc_a-mprec.o)
                0x08025140                __multiply
 .text.__pow5mult
                0x08025284       0xb4 /Applications/STM32CubeIDE.app/Contents/Eclipse/plugins/com.st.stm32cube.ide.mcu.externaltools.gnu-tools-for-stm32.13.3.rel1.macos64_1.0.0.202411102158/tools/bin/../lib/gcc/arm-none-eabi/13.3.1/../../../../arm-none-eabi/lib/thumb/v7e-m+fp/hard/libc_nano.a(libc_a-mprec.o)
                0x08025284                __pow5mult
 .text.__lshift
                0x08025338       0xd8 /Applications/STM32CubeIDE.app/Contents/Eclipse/plugins/com.st.stm32cube.ide.mcu.externaltools.gnu-tools-for-stm32.13.3.rel1.macos64_1.0.0.202411102158/tools/bin/../lib/gcc/arm-none-eabi/13.3.1/../../../../arm-none-eabi/lib/thumb/v7e-m+fp/hard/libc_nano.a(libc_a-mprec.o)
                0x08025338                __lshift
 .text.__mcmp   0x08025410       0x36 /Applications/STM32CubeIDE.app/Contents/Eclipse/plugins/com.st.stm32cube.ide.mcu.externaltools.gnu-tools-for-stm32.13.3.rel1.macos64_1.0.0.202411102158/tools/bin/../lib/gcc/arm-none-eabi/13.3.1/../../../../arm-none-eabi/lib/thumb/v7e-m+fp/hard/libc_nano.a(libc_a-mprec.o)
                0x08025410                __mcmp
 *fill*         0x08025446        0x2 
 .text.__mdiff  0x08025448      0x128 /Applications/STM32CubeIDE.app/Contents/Eclipse/plugins/com.st.stm32cube.ide.mcu.externaltools.gnu-tools-for-stm32.13.3.rel1.macos64_1.0.0.202411102158/tools/bin/../lib/gcc/arm-none-eabi/13.3.1/../../../../arm-none-eabi/lib/thumb/v7e-m+fp/hard/libc_nano.a(libc_a-mprec.o)
                0x08025448                __mdiff
 .text.__d2b    0x08025570       0xb0 /Applications/STM32CubeIDE.app/Contents/Eclipse/plugins/com.st.stm32cube.ide.mcu.externaltools.gnu-tools-for-stm32.13.3.rel1.macos64_1.0.0.202411102158/tools/bin/../lib/gcc/arm-none-eabi/13.3.1/../../../../arm-none-eabi/lib/thumb/v7e-m+fp/hard/libc_nano.a(libc_a-mprec.o)
                0x08025570                __d2b
 .text.__sread  0x08025620       0x22 /Applications/STM32CubeIDE.app/Contents/Eclipse/plugins/com.st.stm32cube.ide.mcu.externaltools.gnu-tools-for-stm32.13.3.rel1.macos64_1.0.0.202411102158/tools/bin/../lib/gcc/arm-none-eabi/13.3.1/../../../../arm-none-eabi/lib/thumb/v7e-m+fp/hard/libc_nano.a(libc_a-stdio.o)
                0x08025620                __sread
 .text.__swrite
                0x08025642       0x38 /Applications/STM32CubeIDE.app/Contents/Eclipse/plugins/com.st.stm32cube.ide.mcu.externaltools.gnu-tools-for-stm32.13.3.rel1.macos64_1.0.0.202411102158/tools/bin/../lib/gcc/arm-none-eabi/13.3.1/../../../../arm-none-eabi/lib/thumb/v7e-m+fp/hard/libc_nano.a(libc_a-stdio.o)
                0x08025642                __swrite
 .text.__sseek  0x0802567a       0x24 /Applications/STM32CubeIDE.app/Contents/Eclipse/plugins/com.st.stm32cube.ide.mcu.externaltools.gnu-tools-for-stm32.13.3.rel1.macos64_1.0.0.202411102158/tools/bin/../lib/gcc/arm-none-eabi/13.3.1/../../../../arm-none-eabi/lib/thumb/v7e-m+fp/hard/libc_nano.a(libc_a-stdio.o)
                0x0802567a                __sseek
 .text.__sclose
                0x0802569e        0x8 /Applications/STM32CubeIDE.app/Contents/Eclipse/plugins/com.st.stm32cube.ide.mcu.externaltools.gnu-tools-for-stm32.13.3.rel1.macos64_1.0.0.202411102158/tools/bin/../lib/gcc/arm-none-eabi/13.3.1/../../../../arm-none-eabi/lib/thumb/v7e-m+fp/hard/libc_nano.a(libc_a-stdio.o)
                0x0802569e                __sclose
 .text.__swbuf_r
                0x080256a6       0x7c /Applications/STM32CubeIDE.app/Contents/Eclipse/plugins/com.st.stm32cube.ide.mcu.externaltools.gnu-tools-for-stm32.13.3.rel1.macos64_1.0.0.202411102158/tools/bin/../lib/gcc/arm-none-eabi/13.3.1/../../../../arm-none-eabi/lib/thumb/v7e-m+fp/hard/libc_nano.a(libc_a-wbuf.o)
                0x080256a6                __swbuf_r
 *fill*         0x08025722        0x2 
 .text.__swsetup_r
                0x08025724       0xac /Applications/STM32CubeIDE.app/Contents/Eclipse/plugins/com.st.stm32cube.ide.mcu.externaltools.gnu-tools-for-stm32.13.3.rel1.macos64_1.0.0.202411102158/tools/bin/../lib/gcc/arm-none-eabi/13.3.1/../../../../arm-none-eabi/lib/thumb/v7e-m+fp/hard/libc_nano.a(libc_a-wsetup.o)
                0x08025724                __swsetup_r
 .text.__swhatbuf_r
                0x080257d0       0x4c /Applications/STM32CubeIDE.app/Contents/Eclipse/plugins/com.st.stm32cube.ide.mcu.externaltools.gnu-tools-for-stm32.13.3.rel1.macos64_1.0.0.202411102158/tools/bin/../lib/gcc/arm-none-eabi/13.3.1/../../../../arm-none-eabi/lib/thumb/v7e-m+fp/hard/libc_nano.a(libc_a-makebuf.o)
                0x080257d0                __swhatbuf_r
 .text.__smakebuf_r
                0x0802581c       0x78 /Applications/STM32CubeIDE.app/Contents/Eclipse/plugins/com.st.stm32cube.ide.mcu.externaltools.gnu-tools-for-stm32.13.3.rel1.macos64_1.0.0.202411102158/tools/bin/../lib/gcc/arm-none-eabi/13.3.1/../../../../arm-none-eabi/lib/thumb/v7e-m+fp/hard/libc_nano.a(libc_a-makebuf.o)
                0x0802581c                __smakebuf_r
 .text._isatty_r
                0x08025894       0x20 /Applications/STM32CubeIDE.app/Contents/Eclipse/plugins/com.st.stm32cube.ide.mcu.externaltools.gnu-tools-for-stm32.13.3.rel1.macos64_1.0.0.202411102158/tools/bin/../lib/gcc/arm-none-eabi/13.3.1/../../../../arm-none-eabi/lib/thumb/v7e-m+fp/hard/libc_nano.a(libc_a-isattyr.o)
                0x08025894                _isatty_r
 .text._lseek_r
                0x080258b4       0x24 /Applications/STM32CubeIDE.app/Contents/Eclipse/plugins/com.st.stm32cube.ide.mcu.externaltools.gnu-tools-for-stm32.13.3.rel1.macos64_1.0.0.202411102158/tools/bin/../lib/gcc/arm-none-eabi/13.3.1/../../../../arm-none-eabi/lib/thumb/v7e-m+fp/hard/libc_nano.a(libc_a-lseekr.o)
                0x080258b4                _lseek_r
 .text._read_r  0x080258d8       0x24 /Applications/STM32CubeIDE.app/Contents/Eclipse/plugins/com.st.stm32cube.ide.mcu.externaltools.gnu-tools-for-stm32.13.3.rel1.macos64_1.0.0.202411102158/tools/bin/../lib/gcc/arm-none-eabi/13.3.1/../../../../arm-none-eabi/lib/thumb/v7e-m+fp/hard/libc_nano.a(libc_a-readr.o)
                0x080258d8                _read_r
 .text._write_r
                0x080258fc       0x24 /Applications/STM32CubeIDE.app/Contents/Eclipse/plugins/com.st.stm32cube.ide.mcu.externaltools.gnu-tools-for-stm32.13.3.rel1.macos64_1.0.0.202411102158/tools/bin/../lib/gcc/arm-none-eabi/13.3.1/../../../../arm-none-eabi/lib/thumb/v7e-m+fp/hard/libc_nano.a(libc_a-writer.o)
                0x080258fc                _write_r
 .text._close_r
                0x08025920       0x20 /Applications/STM32CubeIDE.app/Contents/Eclipse/plugins/com.st.stm32cube.ide.mcu.externaltools.gnu-tools-for-stm32.13.3.rel1.macos64_1.0.0.202411102158/tools/bin/../lib/gcc/arm-none-eabi/13.3.1/../../../../arm-none-eabi/lib/thumb/v7e-m+fp/hard/libc_nano.a(libc_a-closer.o)
                0x08025920                _close_r
 .text._fstat_r
                0x08025940       0x24 /Applications/STM32CubeIDE.app/Contents/Eclipse/plugins/com.st.stm32cube.ide.mcu.externaltools.gnu-tools-for-stm32.13.3.rel1.macos64_1.0.0.202411102158/tools/bin/../lib/gcc/arm-none-eabi/13.3.1/../../../../arm-none-eabi/lib/thumb/v7e-m+fp/hard/libc_nano.a(libc_a-fstatr.o)
                0x08025940                _fstat_r
 .text.__assert_func
                0x08025964       0x3c /Applications/STM32CubeIDE.app/Contents/Eclipse/plugins/com.st.stm32cube.ide.mcu.externaltools.gnu-tools-for-stm32.13.3.rel1.macos64_1.0.0.202411102158/tools/bin/../lib/gcc/arm-none-eabi/13.3.1/../../../../arm-none-eabi/lib/thumb/v7e-m+fp/hard/libc_nano.a(libc_a-assert.o)
                0x08025964                __assert_func
 .text._calloc_r
                0x080259a0       0x28 /Applications/STM32CubeIDE.app/Contents/Eclipse/plugins/com.st.stm32cube.ide.mcu.externaltools.gnu-tools-for-stm32.13.3.rel1.macos64_1.0.0.202411102158/tools/bin/../lib/gcc/arm-none-eabi/13.3.1/../../../../arm-none-eabi/lib/thumb/v7e-m+fp/hard/libc_nano.a(libc_a-callocr.o)
                0x080259a0                _calloc_r
 .text.__ascii_mbtowc
                0x080259c8       0x24 /Applications/STM32CubeIDE.app/Contents/Eclipse/plugins/com.st.stm32cube.ide.mcu.externaltools.gnu-tools-for-stm32.13.3.rel1.macos64_1.0.0.202411102158/tools/bin/../lib/gcc/arm-none-eabi/13.3.1/../../../../arm-none-eabi/lib/thumb/v7e-m+fp/hard/libc_nano.a(libc_a-mbtowc_r.o)
                0x080259c8                __ascii_mbtowc
 .text.fprintf  0x080259ec       0x24 /Applications/STM32CubeIDE.app/Contents/Eclipse/plugins/com.st.stm32cube.ide.mcu.externaltools.gnu-tools-for-stm32.13.3.rel1.macos64_1.0.0.202411102158/tools/bin/../lib/gcc/arm-none-eabi/13.3.1/../../../../arm-none-eabi/lib/thumb/v7e-m+fp/hard/libc_nano.a(libc_a-fprintf.o)
                0x080259ec                fprintf
                0x080259ec                fiprintf
 .text.__ascii_wctomb
                0x08025a10       0x1a /Applications/STM32CubeIDE.app/Contents/Eclipse/plugins/com.st.stm32cube.ide.mcu.externaltools.gnu-tools-for-stm32.13.3.rel1.macos64_1.0.0.202411102158/tools/bin/../lib/gcc/arm-none-eabi/13.3.1/../../../../arm-none-eabi/lib/thumb/v7e-m+fp/hard/libc_nano.a(libc_a-wctomb_r.o)
                0x08025a10                __ascii_wctomb
 .text.abort    0x08025a2a        0xe /Applications/STM32CubeIDE.app/Contents/Eclipse/plugins/com.st.stm32cube.ide.mcu.externaltools.gnu-tools-for-stm32.13.3.rel1.macos64_1.0.0.202411102158/tools/bin/../lib/gcc/arm-none-eabi/13.3.1/../../../../arm-none-eabi/lib/thumb/v7e-m+fp/hard/libc_nano.a(libc_a-abort.o)
                0x08025a2a                abort
 .text.__sfputc_r
                0x08025a38       0x2e /Applications/STM32CubeIDE.app/Contents/Eclipse/plugins/com.st.stm32cube.ide.mcu.externaltools.gnu-tools-for-stm32.13.3.rel1.macos64_1.0.0.202411102158/tools/bin/../lib/gcc/arm-none-eabi/13.3.1/../../../../arm-none-eabi/lib/thumb/v7e-m+fp/hard/libc_nano.a(libc_a-nano-vfprintf.o)
 .text.__sfputs_r
                0x08025a66       0x24 /Applications/STM32CubeIDE.app/Contents/Eclipse/plugins/com.st.stm32cube.ide.mcu.externaltools.gnu-tools-for-stm32.13.3.rel1.macos64_1.0.0.202411102158/tools/bin/../lib/gcc/arm-none-eabi/13.3.1/../../../../arm-none-eabi/lib/thumb/v7e-m+fp/hard/libc_nano.a(libc_a-nano-vfprintf.o)
                0x08025a66                __sfputs_r
 *fill*         0x08025a8a        0x2 
 .text._vfprintf_r
                0x08025a8c      0x230 /Applications/STM32CubeIDE.app/Contents/Eclipse/plugins/com.st.stm32cube.ide.mcu.externaltools.gnu-tools-for-stm32.13.3.rel1.macos64_1.0.0.202411102158/tools/bin/../lib/gcc/arm-none-eabi/13.3.1/../../../../arm-none-eabi/lib/thumb/v7e-m+fp/hard/libc_nano.a(libc_a-nano-vfprintf.o)
                0x08025a8c                _vfiprintf_r
                0x08025a8c                _vfprintf_r
 .text._raise_r
                0x08025cbc       0x50 /Applications/STM32CubeIDE.app/Contents/Eclipse/plugins/com.st.stm32cube.ide.mcu.externaltools.gnu-tools-for-stm32.13.3.rel1.macos64_1.0.0.202411102158/tools/bin/../lib/gcc/arm-none-eabi/13.3.1/../../../../arm-none-eabi/lib/thumb/v7e-m+fp/hard/libc_nano.a(libc_a-signal.o)
                0x08025cbc                _raise_r
 .text.raise    0x08025d0c       0x10 /Applications/STM32CubeIDE.app/Contents/Eclipse/plugins/com.st.stm32cube.ide.mcu.externaltools.gnu-tools-for-stm32.13.3.rel1.macos64_1.0.0.202411102158/tools/bin/../lib/gcc/arm-none-eabi/13.3.1/../../../../arm-none-eabi/lib/thumb/v7e-m+fp/hard/libc_nano.a(libc_a-signal.o)
                0x08025d0c                raise
 .text._kill_r  0x08025d1c       0x24 /Applications/STM32CubeIDE.app/Contents/Eclipse/plugins/com.st.stm32cube.ide.mcu.externaltools.gnu-tools-for-stm32.13.3.rel1.macos64_1.0.0.202411102158/tools/bin/../lib/gcc/arm-none-eabi/13.3.1/../../../../arm-none-eabi/lib/thumb/v7e-m+fp/hard/libc_nano.a(libc_a-signalr.o)
                0x08025d1c                _kill_r
 .text._getpid_r
                0x08025d40        0x4 /Applications/STM32CubeIDE.app/Contents/Eclipse/plugins/com.st.stm32cube.ide.mcu.externaltools.gnu-tools-for-stm32.13.3.rel1.macos64_1.0.0.202411102158/tools/bin/../lib/gcc/arm-none-eabi/13.3.1/../../../../arm-none-eabi/lib/thumb/v7e-m+fp/hard/libc_nano.a(libc_a-signalr.o)
                0x08025d40                _getpid_r
 .text._close   0x08025d44       0x10 /Applications/STM32CubeIDE.app/Contents/Eclipse/plugins/com.st.stm32cube.ide.mcu.externaltools.gnu-tools-for-stm32.13.3.rel1.macos64_1.0.0.202411102158/tools/bin/../lib/gcc/arm-none-eabi/13.3.1/../../../../arm-none-eabi/lib/thumb/v7e-m+fp/hard/libnosys.a(close.o)
                0x08025d44                _close
 .text._fstat   0x08025d54       0x10 /Applications/STM32CubeIDE.app/Contents/Eclipse/plugins/com.st.stm32cube.ide.mcu.externaltools.gnu-tools-for-stm32.13.3.rel1.macos64_1.0.0.202411102158/tools/bin/../lib/gcc/arm-none-eabi/13.3.1/../../../../arm-none-eabi/lib/thumb/v7e-m+fp/hard/libnosys.a(fstat.o)
                0x08025d54                _fstat
 .text._getpid  0x08025d64       0x10 /Applications/STM32CubeIDE.app/Contents/Eclipse/plugins/com.st.stm32cube.ide.mcu.externaltools.gnu-tools-for-stm32.13.3.rel1.macos64_1.0.0.202411102158/tools/bin/../lib/gcc/arm-none-eabi/13.3.1/../../../../arm-none-eabi/lib/thumb/v7e-m+fp/hard/libnosys.a(getpid.o)
                0x08025d64                _getpid
 .text._isatty  0x08025d74       0x10 /Applications/STM32CubeIDE.app/Contents/Eclipse/plugins/com.st.stm32cube.ide.mcu.externaltools.gnu-tools-for-stm32.13.3.rel1.macos64_1.0.0.202411102158/tools/bin/../lib/gcc/arm-none-eabi/13.3.1/../../../../arm-none-eabi/lib/thumb/v7e-m+fp/hard/libnosys.a(isatty.o)
                0x08025d74                _isatty
 .text._kill    0x08025d84       0x10 /Applications/STM32CubeIDE.app/Contents/Eclipse/plugins/com.st.stm32cube.ide.mcu.externaltools.gnu-tools-for-stm32.13.3.rel1.macos64_1.0.0.202411102158/tools/bin/../lib/gcc/arm-none-eabi/13.3.1/../../../../arm-none-eabi/lib/thumb/v7e-m+fp/hard/libnosys.a(kill.o)
                0x08025d84                _kill
 .text._lseek   0x08025d94       0x10 /Applications/STM32CubeIDE.app/Contents/Eclipse/plugins/com.st.stm32cube.ide.mcu.externaltools.gnu-tools-for-stm32.13.3.rel1.macos64_1.0.0.202411102158/tools/bin/../lib/gcc/arm-none-eabi/13.3.1/../../../../arm-none-eabi/lib/thumb/v7e-m+fp/hard/libnosys.a(lseek.o)
                0x08025d94                _lseek
 .text._read    0x08025da4       0x10 /Applications/STM32CubeIDE.app/Contents/Eclipse/plugins/com.st.stm32cube.ide.mcu.externaltools.gnu-tools-for-stm32.13.3.rel1.macos64_1.0.0.202411102158/tools/bin/../lib/gcc/arm-none-eabi/13.3.1/../../../../arm-none-eabi/lib/thumb/v7e-m+fp/hard/libnosys.a(read.o)
                0x08025da4                _read
 .text._exit    0x08025db4        0x2 /Applications/STM32CubeIDE.app/Contents/Eclipse/plugins/com.st.stm32cube.ide.mcu.externaltools.gnu-tools-for-stm32.13.3.rel1.macos64_1.0.0.202411102158/tools/bin/../lib/gcc/arm-none-eabi/13.3.1/../../../../arm-none-eabi/lib/thumb/v7e-m+fp/hard/libnosys.a(_exit.o)
                0x08025db4                _exit
 *(.glue_7)
 .glue_7        0x08025db6        0x0 linker stubs
 *(.glue_7t)
 .glue_7t       0x08025db6        0x0 linker stubs
 *(.eh_frame)
 *fill*         0x08025db6        0x2 
 .eh_frame      0x08025db8        0x0 /Applications/STM32CubeIDE.app/Contents/Eclipse/plugins/com.st.stm32cube.ide.mcu.externaltools.gnu-tools-for-stm32.13.3.rel1.macos64_1.0.0.202411102158/tools/bin/../lib/gcc/arm-none-eabi/13.3.1/thumb/v7e-m+fp/hard/crtbegin.o
 *(.init)
 .init          0x08025db8        0x4 /Applications/STM32CubeIDE.app/Contents/Eclipse/plugins/com.st.stm32cube.ide.mcu.externaltools.gnu-tools-for-stm32.13.3.rel1.macos64_1.0.0.202411102158/tools/bin/../lib/gcc/arm-none-eabi/13.3.1/thumb/v7e-m+fp/hard/crti.o
                0x08025db8                _init
 .init          0x08025dbc        0x8 /Applications/STM32CubeIDE.app/Contents/Eclipse/plugins/com.st.stm32cube.ide.mcu.externaltools.gnu-tools-for-stm32.13.3.rel1.macos64_1.0.0.202411102158/tools/bin/../lib/gcc/arm-none-eabi/13.3.1/thumb/v7e-m+fp/hard/crtn.o
 *(.fini)
 .fini          0x08025dc4        0x4 /Applications/STM32CubeIDE.app/Contents/Eclipse/plugins/com.st.stm32cube.ide.mcu.externaltools.gnu-tools-for-stm32.13.3.rel1.macos64_1.0.0.202411102158/tools/bin/../lib/gcc/arm-none-eabi/13.3.1/thumb/v7e-m+fp/hard/crti.o
                0x08025dc4                _fini
 .fini          0x08025dc8        0x8 /Applications/STM32CubeIDE.app/Contents/Eclipse/plugins/com.st.stm32cube.ide.mcu.externaltools.gnu-tools-for-stm32.13.3.rel1.macos64_1.0.0.202411102158/tools/bin/../lib/gcc/arm-none-eabi/13.3.1/thumb/v7e-m+fp/hard/crtn.o
                0x08025dd0                        . = ALIGN (0x4)
                0x08025dd0                        _etext = .

.vfp11_veneer   0x08025dd0        0x0
 .vfp11_veneer  0x08025dd0        0x0 linker stubs

.v4_bx          0x08025dd0        0x0
 .v4_bx         0x08025dd0        0x0 linker stubs

.iplt           0x08025dd0        0x0
 .iplt          0x08025dd0        0x0 /Applications/STM32CubeIDE.app/Contents/Eclipse/plugins/com.st.stm32cube.ide.mcu.externaltools.gnu-tools-for-stm32.13.3.rel1.macos64_1.0.0.202411102158/tools/bin/../lib/gcc/arm-none-eabi/13.3.1/thumb/v7e-m+fp/hard/crtbegin.o

.rodata         0x08025de0    0x50e2c
                0x08025de0                        . = ALIGN (0x4)
 *(.rodata)
 .rodata        0x08025de0      0x484 ./X-CUBE-AI/App/aiValidation.o
 *(.rodata*)
 .rodata.main.str1.1
                0x08026264      0x19d ./Core/Src/main.o
                                 0x2e (size before relaxing)
 *fill*         0x08026401        0x3 
 .rodata.MSIRangeTable
                0x08026404       0x30 ./Core/Src/system_stm32l4xx.o
                0x08026404                MSIRangeTable
 .rodata.APBPrescTable
                0x08026434        0x8 ./Core/Src/system_stm32l4xx.o
                0x08026434                APBPrescTable
 .rodata.AHBPrescTable
                0x0802643c       0x10 ./Core/Src/system_stm32l4xx.o
                0x0802643c                AHBPrescTable
 .rodata.conv2d_0_chain
                0x0802644c        0x8 ./X-CUBE-AI/App/cifar_model.o
 .rodata.eltwise_1_chain
                0x08026454        0x8 ./X-CUBE-AI/App/cifar_model.o
 .rodata.eltwise_2_chain
                0x0802645c        0x8 ./X-CUBE-AI/App/cifar_model.o
 .rodata.conv2d_3_chain
                0x08026464        0x8 ./X-CUBE-AI/App/cifar_model.o
 .rodata.eltwise_4_chain
                0x0802646c        0x8 ./X-CUBE-AI/App/cifar_model.o
 .rodata.eltwise_5_chain
                0x08026474        0x8 ./X-CUBE-AI/App/cifar_model.o
 .rodata.pool_6_chain
                0x0802647c        0x8 ./X-CUBE-AI/App/cifar_model.o
 .rodata.conv2d_7_chain
                0x08026484        0x8 ./X-CUBE-AI/App/cifar_model.o
 .rodata.eltwise_8_chain
                0x0802648c        0x8 ./X-CUBE-AI/App/cifar_model.o
 .rodata.eltwise_9_chain
                0x08026494        0x8 ./X-CUBE-AI/App/cifar_model.o
 .rodata.conv2d_10_chain
                0x0802649c        0x8 ./X-CUBE-AI/App/cifar_model.o
 .rodata.eltwise_11_chain
                0x080264a4        0x8 ./X-CUBE-AI/App/cifar_model.o
 .rodata.eltwise_12_chain
                0x080264ac        0x8 ./X-CUBE-AI/App/cifar_model.o
 .rodata.pool_13_chain
                0x080264b4        0x8 ./X-CUBE-AI/App/cifar_model.o
 .rodata.conv2d_14_chain
                0x080264bc        0x8 ./X-CUBE-AI/App/cifar_model.o
 .rodata.eltwise_15_chain
                0x080264c4        0x8 ./X-CUBE-AI/App/cifar_model.o
 .rodata.eltwise_16_chain
                0x080264cc        0x8 ./X-CUBE-AI/App/cifar_model.o
 .rodata.conv2d_17_chain
                0x080264d4        0x8 ./X-CUBE-AI/App/cifar_model.o
 .rodata.eltwise_18_chain
                0x080264dc        0x8 ./X-CUBE-AI/App/cifar_model.o
 .rodata.eltwise_19_chain
                0x080264e4        0x8 ./X-CUBE-AI/App/cifar_model.o
 .rodata.pool_20_chain
                0x080264ec        0x8 ./X-CUBE-AI/App/cifar_model.o
 .rodata.gemm_21_chain
                0x080264f4        0x8 ./X-CUBE-AI/App/cifar_model.o
 .rodata.gemm_22_chain
                0x080264fc        0x8 ./X-CUBE-AI/App/cifar_model.o
 .rodata.nl_23_chain
                0x08026504        0x8 ./X-CUBE-AI/App/cifar_model.o
 .rodata.nl_23_nl_params
                0x0802650c       0x10 ./X-CUBE-AI/App/cifar_model.o
 .rodata.nl_23_nl_params_data
                0x0802651c        0xc ./X-CUBE-AI/App/cifar_model.o
 .rodata.serving_default_conv2d_input0_output_array_intq
                0x08026528        0x8 ./X-CUBE-AI/App/cifar_model.o
 .rodata.__compound_literal.134
                0x08026530        0x8 ./X-CUBE-AI/App/cifar_model.o
 .rodata.__compound_literal.133
                0x08026538        0x1 ./X-CUBE-AI/App/cifar_model.o
 *fill*         0x08026539        0x3 
 .rodata.__compound_literal.132
                0x0802653c        0x4 ./X-CUBE-AI/App/cifar_model.o
 .rodata.sequential_batch_normalization_FusedBatchNormV31_array_intq
                0x08026540        0x8 ./X-CUBE-AI/App/cifar_model.o
 .rodata.__compound_literal.131
                0x08026548        0x8 ./X-CUBE-AI/App/cifar_model.o
 .rodata.__compound_literal.130
                0x08026550        0x1 ./X-CUBE-AI/App/cifar_model.o
 *fill*         0x08026551        0x3 
 .rodata.__compound_literal.129
                0x08026554        0x4 ./X-CUBE-AI/App/cifar_model.o
 .rodata.sequential_batch_normalization_FusedBatchNormV3_array_intq
                0x08026558        0x8 ./X-CUBE-AI/App/cifar_model.o
 .rodata.__compound_literal.128
                0x08026560        0x8 ./X-CUBE-AI/App/cifar_model.o
 .rodata.__compound_literal.127
                0x08026568        0x1 ./X-CUBE-AI/App/cifar_model.o
 *fill*         0x08026569        0x3 
 .rodata.__compound_literal.126
                0x0802656c        0x4 ./X-CUBE-AI/App/cifar_model.o
 .rodata.sequential_batch_normalization_5_FusedBatchNormV31_array_intq
                0x08026570        0x8 ./X-CUBE-AI/App/cifar_model.o
 .rodata.__compound_literal.125
                0x08026578        0x8 ./X-CUBE-AI/App/cifar_model.o
 .rodata.__compound_literal.124
                0x08026580        0x1 ./X-CUBE-AI/App/cifar_model.o
 *fill*         0x08026581        0x3 
 .rodata.__compound_literal.123
                0x08026584        0x4 ./X-CUBE-AI/App/cifar_model.o
 .rodata.sequential_batch_normalization_5_FusedBatchNormV3_array_intq
                0x08026588        0x8 ./X-CUBE-AI/App/cifar_model.o
 .rodata.__compound_literal.122
                0x08026590        0x8 ./X-CUBE-AI/App/cifar_model.o
 .rodata.__compound_literal.121
                0x08026598        0x1 ./X-CUBE-AI/App/cifar_model.o
 *fill*         0x08026599        0x3 
 .rodata.__compound_literal.120
                0x0802659c        0x4 ./X-CUBE-AI/App/cifar_model.o
 .rodata.sequential_batch_normalization_4_FusedBatchNormV31_array_intq
                0x080265a0        0x8 ./X-CUBE-AI/App/cifar_model.o
 .rodata.__compound_literal.119
                0x080265a8        0x8 ./X-CUBE-AI/App/cifar_model.o
 .rodata.__compound_literal.118
                0x080265b0        0x1 ./X-CUBE-AI/App/cifar_model.o
 *fill*         0x080265b1        0x3 
 .rodata.__compound_literal.117
                0x080265b4        0x4 ./X-CUBE-AI/App/cifar_model.o
 .rodata.sequential_batch_normalization_4_FusedBatchNormV3_array_intq
                0x080265b8        0x8 ./X-CUBE-AI/App/cifar_model.o
 .rodata.__compound_literal.116
                0x080265c0        0x8 ./X-CUBE-AI/App/cifar_model.o
 .rodata.__compound_literal.115
                0x080265c8        0x1 ./X-CUBE-AI/App/cifar_model.o
 *fill*         0x080265c9        0x3 
 .rodata.__compound_literal.114
                0x080265cc        0x4 ./X-CUBE-AI/App/cifar_model.o
 .rodata.sequential_batch_normalization_3_FusedBatchNormV31_array_intq
                0x080265d0        0x8 ./X-CUBE-AI/App/cifar_model.o
 .rodata.__compound_literal.113
                0x080265d8        0x8 ./X-CUBE-AI/App/cifar_model.o
 .rodata.__compound_literal.112
                0x080265e0        0x1 ./X-CUBE-AI/App/cifar_model.o
 *fill*         0x080265e1        0x3 
 .rodata.__compound_literal.111
                0x080265e4        0x4 ./X-CUBE-AI/App/cifar_model.o
 .rodata.sequential_batch_normalization_3_FusedBatchNormV3_array_intq
                0x080265e8        0x8 ./X-CUBE-AI/App/cifar_model.o
 .rodata.__compound_literal.110
                0x080265f0        0x8 ./X-CUBE-AI/App/cifar_model.o
 .rodata.__compound_literal.109
                0x080265f8        0x1 ./X-CUBE-AI/App/cifar_model.o
 *fill*         0x080265f9        0x3 
 .rodata.__compound_literal.108
                0x080265fc        0x4 ./X-CUBE-AI/App/cifar_model.o
 .rodata.sequential_batch_normalization_2_FusedBatchNormV31_array_intq
                0x08026600        0x8 ./X-CUBE-AI/App/cifar_model.o
 .rodata.__compound_literal.107
                0x08026608        0x8 ./X-CUBE-AI/App/cifar_model.o
 .rodata.__compound_literal.106
                0x08026610        0x1 ./X-CUBE-AI/App/cifar_model.o
 *fill*         0x08026611        0x3 
 .rodata.__compound_literal.105
                0x08026614        0x4 ./X-CUBE-AI/App/cifar_model.o
 .rodata.sequential_batch_normalization_2_FusedBatchNormV3_array_intq
                0x08026618        0x8 ./X-CUBE-AI/App/cifar_model.o
 .rodata.__compound_literal.104
                0x08026620        0x8 ./X-CUBE-AI/App/cifar_model.o
 .rodata.__compound_literal.103
                0x08026628        0x1 ./X-CUBE-AI/App/cifar_model.o
 *fill*         0x08026629        0x3 
 .rodata.__compound_literal.102
                0x0802662c        0x4 ./X-CUBE-AI/App/cifar_model.o
 .rodata.sequential_batch_normalization_1_FusedBatchNormV31_array_intq
                0x08026630        0x8 ./X-CUBE-AI/App/cifar_model.o
 .rodata.__compound_literal.101
                0x08026638        0x8 ./X-CUBE-AI/App/cifar_model.o
 .rodata.__compound_literal.100
                0x08026640        0x1 ./X-CUBE-AI/App/cifar_model.o
 *fill*         0x08026641        0x3 
 .rodata.__compound_literal.99
                0x08026644        0x4 ./X-CUBE-AI/App/cifar_model.o
 .rodata.sequential_batch_normalization_1_FusedBatchNormV3_array_intq
                0x08026648        0x8 ./X-CUBE-AI/App/cifar_model.o
 .rodata.__compound_literal.98
                0x08026650        0x8 ./X-CUBE-AI/App/cifar_model.o
 .rodata.__compound_literal.97
                0x08026658        0x1 ./X-CUBE-AI/App/cifar_model.o
 *fill*         0x08026659        0x3 
 .rodata.__compound_literal.96
                0x0802665c        0x4 ./X-CUBE-AI/App/cifar_model.o
 .rodata.pool_6_output_array_intq
                0x08026660        0x8 ./X-CUBE-AI/App/cifar_model.o
 .rodata.__compound_literal.95
                0x08026668        0x8 ./X-CUBE-AI/App/cifar_model.o
 .rodata.__compound_literal.94
                0x08026670        0x1 ./X-CUBE-AI/App/cifar_model.o
 *fill*         0x08026671        0x3 
 .rodata.__compound_literal.93
                0x08026674        0x4 ./X-CUBE-AI/App/cifar_model.o
 .rodata.pool_20_output_array_intq
                0x08026678        0x8 ./X-CUBE-AI/App/cifar_model.o
 .rodata.__compound_literal.92
                0x08026680        0x8 ./X-CUBE-AI/App/cifar_model.o
 .rodata.__compound_literal.91
                0x08026688        0x1 ./X-CUBE-AI/App/cifar_model.o
 *fill*         0x08026689        0x3 
 .rodata.__compound_literal.90
                0x0802668c        0x4 ./X-CUBE-AI/App/cifar_model.o
 .rodata.pool_13_output_array_intq
                0x08026690        0x8 ./X-CUBE-AI/App/cifar_model.o
 .rodata.__compound_literal.89
                0x08026698        0x8 ./X-CUBE-AI/App/cifar_model.o
 .rodata.__compound_literal.88
                0x080266a0        0x1 ./X-CUBE-AI/App/cifar_model.o
 *fill*         0x080266a1        0x3 
 .rodata.__compound_literal.87
                0x080266a4        0x4 ./X-CUBE-AI/App/cifar_model.o
 .rodata.nl_23_output_array_intq
                0x080266a8        0x8 ./X-CUBE-AI/App/cifar_model.o
 .rodata.__compound_literal.86
                0x080266b0        0x8 ./X-CUBE-AI/App/cifar_model.o
 .rodata.__compound_literal.85
                0x080266b8        0x1 ./X-CUBE-AI/App/cifar_model.o
 *fill*         0x080266b9        0x3 
 .rodata.__compound_literal.84
                0x080266bc        0x4 ./X-CUBE-AI/App/cifar_model.o
 .rodata.gemm_22_weights_array_intq
                0x080266c0        0x8 ./X-CUBE-AI/App/cifar_model.o
 .rodata.__compound_literal.83
                0x080266c8        0x8 ./X-CUBE-AI/App/cifar_model.o
 .rodata.__compound_literal.82
                0x080266d0        0x1 ./X-CUBE-AI/App/cifar_model.o
 *fill*         0x080266d1        0x3 
 .rodata.__compound_literal.81
                0x080266d4        0x4 ./X-CUBE-AI/App/cifar_model.o
 .rodata.gemm_22_output_array_intq
                0x080266d8        0x8 ./X-CUBE-AI/App/cifar_model.o
 .rodata.__compound_literal.80
                0x080266e0        0x8 ./X-CUBE-AI/App/cifar_model.o
 .rodata.__compound_literal.79
                0x080266e8        0x1 ./X-CUBE-AI/App/cifar_model.o
 *fill*         0x080266e9        0x3 
 .rodata.__compound_literal.78
                0x080266ec        0x4 ./X-CUBE-AI/App/cifar_model.o
 .rodata.gemm_21_weights_array_intq
                0x080266f0        0x8 ./X-CUBE-AI/App/cifar_model.o
 .rodata.__compound_literal.77
                0x080266f8        0x8 ./X-CUBE-AI/App/cifar_model.o
 .rodata.__compound_literal.76
                0x08026700        0x1 ./X-CUBE-AI/App/cifar_model.o
 *fill*         0x08026701        0x3 
 .rodata.__compound_literal.75
                0x08026704        0x4 ./X-CUBE-AI/App/cifar_model.o
 .rodata.gemm_21_output_array_intq
                0x08026708        0x8 ./X-CUBE-AI/App/cifar_model.o
 .rodata.__compound_literal.74
                0x08026710        0x8 ./X-CUBE-AI/App/cifar_model.o
 .rodata.__compound_literal.73
                0x08026718        0x1 ./X-CUBE-AI/App/cifar_model.o
 *fill*         0x08026719        0x3 
 .rodata.__compound_literal.72
                0x0802671c        0x4 ./X-CUBE-AI/App/cifar_model.o
 .rodata.eltwise_9_output_array_intq
                0x08026720        0x8 ./X-CUBE-AI/App/cifar_model.o
 .rodata.__compound_literal.71
                0x08026728        0x8 ./X-CUBE-AI/App/cifar_model.o
 .rodata.__compound_literal.70
                0x08026730        0x1 ./X-CUBE-AI/App/cifar_model.o
 *fill*         0x08026731        0x3 
 .rodata.__compound_literal.69
                0x08026734        0x4 ./X-CUBE-AI/App/cifar_model.o
 .rodata.eltwise_8_output_array_intq
                0x08026738        0x8 ./X-CUBE-AI/App/cifar_model.o
 .rodata.__compound_literal.68
                0x08026740        0x8 ./X-CUBE-AI/App/cifar_model.o
 .rodata.__compound_literal.67
                0x08026748        0x1 ./X-CUBE-AI/App/cifar_model.o
 *fill*         0x08026749        0x3 
 .rodata.__compound_literal.66
                0x0802674c        0x4 ./X-CUBE-AI/App/cifar_model.o
 .rodata.eltwise_5_output_array_intq
                0x08026750        0x8 ./X-CUBE-AI/App/cifar_model.o
 .rodata.__compound_literal.65
                0x08026758        0x8 ./X-CUBE-AI/App/cifar_model.o
 .rodata.__compound_literal.64
                0x08026760        0x1 ./X-CUBE-AI/App/cifar_model.o
 *fill*         0x08026761        0x3 
 .rodata.__compound_literal.63
                0x08026764        0x4 ./X-CUBE-AI/App/cifar_model.o
 .rodata.eltwise_4_output_array_intq
                0x08026768        0x8 ./X-CUBE-AI/App/cifar_model.o
 .rodata.__compound_literal.62
                0x08026770        0x8 ./X-CUBE-AI/App/cifar_model.o
 .rodata.__compound_literal.61
                0x08026778        0x1 ./X-CUBE-AI/App/cifar_model.o
 *fill*         0x08026779        0x3 
 .rodata.__compound_literal.60
                0x0802677c        0x4 ./X-CUBE-AI/App/cifar_model.o
 .rodata.eltwise_2_output_array_intq
                0x08026780        0x8 ./X-CUBE-AI/App/cifar_model.o
 .rodata.__compound_literal.59
                0x08026788        0x8 ./X-CUBE-AI/App/cifar_model.o
 .rodata.__compound_literal.58
                0x08026790        0x1 ./X-CUBE-AI/App/cifar_model.o
 *fill*         0x08026791        0x3 
 .rodata.__compound_literal.57
                0x08026794        0x4 ./X-CUBE-AI/App/cifar_model.o
 .rodata.eltwise_1_output_array_intq
                0x08026798        0x8 ./X-CUBE-AI/App/cifar_model.o
 .rodata.__compound_literal.56
                0x080267a0        0x8 ./X-CUBE-AI/App/cifar_model.o
 .rodata.__compound_literal.55
                0x080267a8        0x1 ./X-CUBE-AI/App/cifar_model.o
 *fill*         0x080267a9        0x3 
 .rodata.__compound_literal.54
                0x080267ac        0x4 ./X-CUBE-AI/App/cifar_model.o
 .rodata.eltwise_19_output_array_intq
                0x080267b0        0x8 ./X-CUBE-AI/App/cifar_model.o
 .rodata.__compound_literal.53
                0x080267b8        0x8 ./X-CUBE-AI/App/cifar_model.o
 .rodata.__compound_literal.52
                0x080267c0        0x1 ./X-CUBE-AI/App/cifar_model.o
 *fill*         0x080267c1        0x3 
 .rodata.__compound_literal.51
                0x080267c4        0x4 ./X-CUBE-AI/App/cifar_model.o
 .rodata.eltwise_18_output_array_intq
                0x080267c8        0x8 ./X-CUBE-AI/App/cifar_model.o
 .rodata.__compound_literal.50
                0x080267d0        0x8 ./X-CUBE-AI/App/cifar_model.o
 .rodata.__compound_literal.49
                0x080267d8        0x1 ./X-CUBE-AI/App/cifar_model.o
 *fill*         0x080267d9        0x3 
 .rodata.__compound_literal.48
                0x080267dc        0x4 ./X-CUBE-AI/App/cifar_model.o
 .rodata.eltwise_16_output_array_intq
                0x080267e0        0x8 ./X-CUBE-AI/App/cifar_model.o
 .rodata.__compound_literal.47
                0x080267e8        0x8 ./X-CUBE-AI/App/cifar_model.o
 .rodata.__compound_literal.46
                0x080267f0        0x1 ./X-CUBE-AI/App/cifar_model.o
 *fill*         0x080267f1        0x3 
 .rodata.__compound_literal.45
                0x080267f4        0x4 ./X-CUBE-AI/App/cifar_model.o
 .rodata.eltwise_15_output_array_intq
                0x080267f8        0x8 ./X-CUBE-AI/App/cifar_model.o
 .rodata.__compound_literal.44
                0x08026800        0x8 ./X-CUBE-AI/App/cifar_model.o
 .rodata.__compound_literal.43
                0x08026808        0x1 ./X-CUBE-AI/App/cifar_model.o
 *fill*         0x08026809        0x3 
 .rodata.__compound_literal.42
                0x0802680c        0x4 ./X-CUBE-AI/App/cifar_model.o
 .rodata.eltwise_12_output_array_intq
                0x08026810        0x8 ./X-CUBE-AI/App/cifar_model.o
 .rodata.__compound_literal.41
                0x08026818        0x8 ./X-CUBE-AI/App/cifar_model.o
 .rodata.__compound_literal.40
                0x08026820        0x1 ./X-CUBE-AI/App/cifar_model.o
 *fill*         0x08026821        0x3 
 .rodata.__compound_literal.39
                0x08026824        0x4 ./X-CUBE-AI/App/cifar_model.o
 .rodata.eltwise_11_output_array_intq
                0x08026828        0x8 ./X-CUBE-AI/App/cifar_model.o
 .rodata.__compound_literal.38
                0x08026830        0x8 ./X-CUBE-AI/App/cifar_model.o
 .rodata.__compound_literal.37
                0x08026838        0x1 ./X-CUBE-AI/App/cifar_model.o
 *fill*         0x08026839        0x3 
 .rodata.__compound_literal.36
                0x0802683c        0x4 ./X-CUBE-AI/App/cifar_model.o
 .rodata.conv2d_7_weights_array_intq
                0x08026840        0x8 ./X-CUBE-AI/App/cifar_model.o
 .rodata.__compound_literal.35
                0x08026848        0x8 ./X-CUBE-AI/App/cifar_model.o
 .rodata.__compound_literal.34
                0x08026850       0x40 ./X-CUBE-AI/App/cifar_model.o
 .rodata.__compound_literal.33
                0x08026890      0x100 ./X-CUBE-AI/App/cifar_model.o
 .rodata.conv2d_7_output_array_intq
                0x08026990        0x8 ./X-CUBE-AI/App/cifar_model.o
 .rodata.__compound_literal.32
                0x08026998        0x8 ./X-CUBE-AI/App/cifar_model.o
 .rodata.__compound_literal.31
                0x080269a0        0x1 ./X-CUBE-AI/App/cifar_model.o
 *fill*         0x080269a1        0x3 
 .rodata.__compound_literal.30
                0x080269a4        0x4 ./X-CUBE-AI/App/cifar_model.o
 .rodata.conv2d_3_weights_array_intq
                0x080269a8        0x8 ./X-CUBE-AI/App/cifar_model.o
 .rodata.__compound_literal.29
                0x080269b0        0x8 ./X-CUBE-AI/App/cifar_model.o
 .rodata.__compound_literal.28
                0x080269b8       0x20 ./X-CUBE-AI/App/cifar_model.o
 .rodata.__compound_literal.27
                0x080269d8       0x80 ./X-CUBE-AI/App/cifar_model.o
 .rodata.conv2d_3_output_array_intq
                0x08026a58        0x8 ./X-CUBE-AI/App/cifar_model.o
 .rodata.__compound_literal.26
                0x08026a60        0x8 ./X-CUBE-AI/App/cifar_model.o
 .rodata.__compound_literal.25
                0x08026a68        0x1 ./X-CUBE-AI/App/cifar_model.o
 *fill*         0x08026a69        0x3 
 .rodata.__compound_literal.24
                0x08026a6c        0x4 ./X-CUBE-AI/App/cifar_model.o
 .rodata.conv2d_17_weights_array_intq
                0x08026a70        0x8 ./X-CUBE-AI/App/cifar_model.o
 .rodata.__compound_literal.23
                0x08026a78        0x8 ./X-CUBE-AI/App/cifar_model.o
 .rodata.__compound_literal.22
                0x08026a80       0x80 ./X-CUBE-AI/App/cifar_model.o
 .rodata.__compound_literal.21
                0x08026b00      0x200 ./X-CUBE-AI/App/cifar_model.o
 .rodata.conv2d_17_output_array_intq
                0x08026d00        0x8 ./X-CUBE-AI/App/cifar_model.o