../X-CUBE-AI/App/aiTestUtility.c:387:13:_put_c_buffer_cb	0	static
../X-CUBE-AI/App/aiTestUtility.c:142:6:ioRawGetUint8	8	static
../X-CUBE-AI/App/aiTestUtility.c:199:6:ioRawWriteBuffer	8	static
../X-CUBE-AI/App/aiTestUtility.c:204:6:ioRawReadBuffer	8	static
../X-CUBE-AI/App/aiTestUtility.c:209:6:ioRawDisableLLWrite	0	static
../X-CUBE-AI/App/aiTestUtility.c:222:5:_write	8	static
../X-CUBE-AI/App/aiTestUtility.c:320:7:uint64ToDecimal	8	static
../X-CUBE-AI/App/aiTestUtility.c:333:6:uint32_to_str	16	static
../X-CUBE-AI/App/aiTestUtility.c:372:6:lc_print	0	static
../X-CUBE-AI/App/aiTestUtility.c:397:8:lc_vsnprint	24	static
../X-CUBE-AI/App/aiTestUtility.c:421:7:__wrap_malloc	16	static
../X-CUBE-AI/App/aiTestUtility.c:461:6:__wrap_free	8	static
../X-CUBE-AI/App/aiTestUtility.c:516:6:stackMonInit	12	static
../X-CUBE-AI/App/aiTestUtility.c:562:5:dwtCyclesToTime	48	static
../X-CUBE-AI/App/aiTestUtility.c:579:7:dwtCyclesToFloatMs	24	static
../X-CUBE-AI/App/aiTestUtility.c:746:10:getFlashCacheConf	8	static
../X-CUBE-AI/App/aiTestUtility.c:690:6:getSysConf.part.0	8	static
../X-CUBE-AI/App/aiTestUtility.c:690:6:getSysConf	0	static
../X-CUBE-AI/App/aiTestUtility.c:857:6:systemSettingLog	32	static
