/Applications/STM32CubeIDE.app/Contents/Eclipse/plugins/com.st.stm32cube.ide.mcu.externaltools.gnu-tools-for-stm32.13.3.rel1.macos64_1.0.0.202411102158/tools/arm-none-eabi/include/c++/13.3.1/limits:1678:7:static constexpr float std::numeric_limits<float>::max()	4	static
/Applications/STM32CubeIDE.app/Contents/Eclipse/plugins/com.st.stm32cube.ide.mcu.externaltools.gnu-tools-for-stm32.13.3.rel1.macos64_1.0.0.202411102158/tools/arm-none-eabi/include/c++/13.3.1/limits:1682:7:static constexpr float std::numeric_limits<float>::lowest()	4	static
/Users/jeremygerster/STM32CubeIDE/workspace_1.17.0/UrbanSound8K_QAT/tensorflow_lite/tensorflow/lite/kernels/padding.h:32:12:int tflite::ComputePaddingWithOffset(int, int, int, int, int, int*)	32	static
/Users/jeremygerster/STM32CubeIDE/workspace_1.17.0/UrbanSound8K_QAT/tensorflow_lite/tensorflow/lite/kernels/padding.h:44:12:int tflite::ComputeOutSize(TfLitePadding, int, int, int, int)	32	static
/Users/jeremygerster/STM32CubeIDE/workspace_1.17.0/UrbanSound8K_QAT/tensorflow_lite/tensorflow/lite/kernels/padding.h:62:28:TfLitePaddingValues tflite::ComputePaddingHeightWidth(int, int, int, int, int, int, int, int, TfLitePadding, int*, int*)	40	static
/Applications/STM32CubeIDE.app/Contents/Eclipse/plugins/com.st.stm32cube.ide.mcu.externaltools.gnu-tools-for-stm32.13.3.rel1.macos64_1.0.0.202411102158/tools/arm-none-eabi/include/c++/13.3.1/arm-none-eabi/thumb/v7e-m+fp/hard/bits/gthr-default.h:229:1:int __gthread_key_delete(__gthread_key_t)	16	static
/Users/jeremygerster/STM32CubeIDE/workspace_1.17.0/UrbanSound8K_QAT/tensorflow_lite/tensorflow/lite/micro/micro_context.h:120:22:tflite::MicroContext* tflite::GetMicroContext(const TfLiteContext*)	16	static
../tensorflow_lite/tensorflow/lite/micro/kernels/depthwise_conv_common.cc:41:17:tflite::DepthwiseParams tflite::DepthwiseConvParamsFloat(const TfLiteDepthwiseConvParams&, const OpDataConv&)	24	static
../tensorflow_lite/tensorflow/lite/micro/kernels/depthwise_conv_common.cc:59:17:tflite::DepthwiseParams tflite::DepthwiseConvParamsQuantized(const TfLiteDepthwiseConvParams&, const OpDataConv&)	24	static
../tensorflow_lite/tensorflow/lite/micro/kernels/depthwise_conv_common.cc:80:14:TfLiteStatus tflite::CalculateOpDataDepthwiseConv(TfLiteContext*, TfLiteNode*, const TfLiteDepthwiseConvParams&, int, int, int, int, int, int, TfLiteType, OpDataConv*)	136	static
../tensorflow_lite/tensorflow/lite/micro/kernels/depthwise_conv_common.cc:136:14:TfLiteStatus tflite::DepthwiseConvPrepare(TfLiteContext*, TfLiteNode*)	120	static
/Users/jeremygerster/STM32CubeIDE/workspace_1.17.0/UrbanSound8K_QAT/tensorflow_lite/tensorflow/lite/kernels/kernel_util.h:274:6:void tflite::CalculateActivationRange(TfLiteFusedActivation, T*, T*) [with T = float]	24	static
